[    0.000000] Booting Linux on physical CPU 0x0
[    0.000000] Linux version 4.14.98-imx (pbuilder@cc23b31d3db4) (gcc version 8.3.0 (Debian 8.3.0-2)) #1 SMP PREEMPT Mon Mar 25 22:06:09 UTC 2024
[    0.000000] Boot CPU: AArch64 Processor [410fd034]
[    0.000000] Machine model: Freescale i.MX8MQ Phanbell
[    0.000000] earlycon: ec_imx6q0 at MMIO 0x0000000030860000 (options '115200')
[    0.000000] bootconsole [ec_imx6q0] enabled
[    0.000000] efi: Getting EFI parameters from FDT:
[    0.000000] efi: UEFI not found.
[    0.000000] Reserved memory: created CMA memory pool at 0x000000006c000000, size 320 MiB
[    0.000000] OF: reserved mem: initialized node linux,cma, compatible id shared-dma-pool
[    0.000000] NUMA: No NUMA configuration found
[    0.000000] NUMA: Faking a node at [mem 0x0000000000000000-0x000000007fffffff]
[    0.000000] NUMA: NODE_DATA [mem 0x6bfb2400-0x6bfb41ff]
[    0.000000] Zone ranges:
[    0.000000]   DMA      [mem 0x0000000040000000-0x000000007fffffff]
[    0.000000]   Normal   empty
[    0.000000] Movable zone start for each node
[    0.000000] Early memory node ranges
[    0.000000]   node   0: [mem 0x0000000040000000-0x000000007fffffff]
[    0.000000] Initmem setup node 0 [mem 0x0000000040000000-0x000000007fffffff]
[    0.000000] On node 0 totalpages: 262144
[    0.000000]   DMA zone: 4096 pages used for memmap
[    0.000000]   DMA zone: 0 pages reserved
[    0.000000]   DMA zone: 262144 pages, LIFO batch:31
[    0.000000] psci: probing for conduit method from DT.
[    0.000000] psci: PSCIv1.1 detected in firmware.
[    0.000000] psci: Using standard PSCI v0.2 function IDs
[    0.000000] psci: MIGRATE_INFO_TYPE not supported.
[    0.000000] psci: SMC Calling Convention v1.1
[    0.000000] percpu: Embedded 24 pages/cpu @ffff80002bf4d000 s57624 r8192 d32488 u98304
[    0.000000] pcpu-alloc: s57624 r8192 d32488 u98304 alloc=24*4096
[    0.000000] pcpu-alloc: [0] 0 [0] 1 [0] 2 [0] 3 
[    0.000000] Detected VIPT I-cache on CPU0
[    0.000000] CPU features: enabling workaround for ARM erratum 845719
[    0.000000] Speculative Store Bypass Disable mitigation not required
[    0.000000] Built 1 zonelists, mobility grouping on.  Total pages: 258048
[    0.000000] Policy zone: DMA
[    0.000000] Kernel command line: console=ttymxc0,115200 console=tty0 earlycon=ec_imx6q,0x30860000,115200 root=PARTUUID=70672ec3-5eee-49ff-b3b1-eb1fbd406bf5 rootfstype=ext4 rw rootwait init=/sbin/init net.ifnames=0 pci=pcie_bus_perf
[    0.000000] PID hash table entries: 4096 (order: 3, 32768 bytes)
[    0.000000] Memory: 680676K/1048576K available (13244K kernel code, 1768K rwdata, 6220K rodata, 1280K init, 432K bss, 40220K reserved, 327680K cma-reserved)
[    0.000000] Virtual kernel memory layout:
[    0.000000]     modules : 0xffff000000000000 - 0xffff000008000000   (   128 MB)
[    0.000000]     vmalloc : 0xffff000008000000 - 0xffff7dffbfff0000   (129022 GB)
[    0.000000]       .text : 0xffff000008080000 - 0xffff000008d70000   ( 13248 KB)
[    0.000000]     .rodata : 0xffff000008d70000 - 0xffff000009390000   (  6272 KB)
[    0.000000]       .init : 0xffff000009390000 - 0xffff0000094d0000   (  1280 KB)
[    0.000000]       .data : 0xffff0000094d0000 - 0xffff00000968a200   (  1769 KB)
[    0.000000]        .bss : 0xffff00000968a200 - 0xffff0000096f64a0   (   433 KB)
[    0.000000]     fixed   : 0xffff7dfffe7f9000 - 0xffff7dfffec00000   (  4124 KB)
[    0.000000]     PCI I/O : 0xffff7dfffee00000 - 0xffff7dffffe00000   (    16 MB)
[    0.000000]     vmemmap : 0xffff7e0000000000 - 0xffff800000000000   (  2048 GB maximum)
[    0.000000]               0xffff7e0000000000 - 0xffff7e0001000000   (    16 MB actual)
[    0.000000]     memory  : 0xffff800000000000 - 0xffff800040000000   (  1024 MB)
[    0.000000] SLUB: HWalign=64, Order=0-3, MinObjects=0, CPUs=4, Nodes=1
[    0.000000] Preemptible hierarchical RCU implementation.
[    0.000000] 	RCU restricting CPUs from NR_CPUS=64 to nr_cpu_ids=4.
[    0.000000] 	Tasks RCU enabled.
[    0.000000] RCU: Adjusting geometry for rcu_fanout_leaf=16, nr_cpu_ids=4
[    0.000000] NR_IRQS: 64, nr_irqs: 64, preallocated irqs: 0
[    0.000000] GICv3: GIC: Using split EOI/Deactivate mode
[    0.000000] GICv3: no VLPI support, no direct LPI support
[    0.000000] ITS: No ITS available, not enabling LPIs
[    0.000000] GICv3: CPU0: found redistributor 0 region 0:0x0000000038880000
[    0.000000] i.MX8MQ clock driver init done
[    0.000000] arch_timer: cp15 timer(s) running at 8.33MHz (phys).
[    0.000000] clocksource: arch_sys_counter: mask: 0xffffffffffffff max_cycles: 0x1ec0311ec, max_idle_ns: 440795202152 ns
[    0.000003] sched_clock: 56 bits at 8MHz, resolution 120ns, wraps every 2199023255541ns
[    0.008754] system counter timer init
[    0.011729] sched_clock: 56 bits at 8MHz, resolution 120ns, wraps every 2199023255541ns
[    0.019710] clocksource: imx sysctr: mask: 0xffffffffffffff max_cycles: 0x1ec0311ec, max_idle_ns: 440795202152 ns
[    0.031064] Console: colour dummy device 80x25
[    0.034446] console [tty0] enabled
[    0.037857] bootconsole [ec_imx6q0] disabled
[    0.042171] Calibrating delay loop (skipped), value calculated using timer frequency.. 16.66 BogoMIPS (lpj=33333)
[    0.042193] pid_max: default: 32768 minimum: 301
[    0.042272] Security Framework initialized
[    0.042599] Dentry cache hash table entries: 131072 (order: 8, 1048576 bytes)
[    0.042768] Inode-cache hash table entries: 65536 (order: 7, 524288 bytes)
[    0.042799] Mount-cache hash table entries: 2048 (order: 2, 16384 bytes)
[    0.042819] Mountpoint-cache hash table entries: 2048 (order: 2, 16384 bytes)
[    0.058198] ASID allocator initialised with 32768 entries
[    0.066198] Hierarchical SRCU implementation.
[    0.074717] Cannot find MU entry in device tree
[    0.074866] CPU identified as i.MX8MQ, silicon rev 2.1
[    0.075758] EFI services will not be available.
[    0.082238] smp: Bringing up secondary CPUs ...
[    0.110377] Detected VIPT I-cache on CPU1
[    0.110402] GICv3: CPU1: found redistributor 1 region 0:0x00000000388a0000
[    0.110422] CPU1: Booted secondary processor [410fd034]
[    0.138434] Detected VIPT I-cache on CPU2
[    0.138450] GICv3: CPU2: found redistributor 2 region 0:0x00000000388c0000
[    0.138465] CPU2: Booted secondary processor [410fd034]
[    0.166504] Detected VIPT I-cache on CPU3
[    0.166521] GICv3: CPU3: found redistributor 3 region 0:0x00000000388e0000
[    0.166535] CPU3: Booted secondary processor [410fd034]
[    0.166746] smp: Brought up 1 node, 4 CPUs
[    0.166828] SMP: Total of 4 processors activated.
[    0.166841] CPU features: detected feature: GIC system register CPU interface
[    0.166856] CPU features: detected feature: 32-bit EL0 Support
[    0.166869] CPU features: detected feature: Kernel page table isolation (KPTI)
[    0.195940] CPU: All CPU(s) started at EL2
[    0.196117] alternatives: patching kernel code
[    0.197209] devtmpfs: initialized
[    0.204252] random: get_random_u32 called from bucket_table_alloc+0x104/0x268 with crng_init=0
[    0.205332] clocksource: jiffies: mask: 0xffffffff max_cycles: 0xffffffff, max_idle_ns: 7645041785100000 ns
[    0.205386] futex hash table entries: 1024 (order: 5, 131072 bytes)
[    0.213915] pinctrl core: initialized pinctrl subsystem
[    0.216565] DMI not present or invalid.
[    0.217024] NET: Registered protocol family 16
[    0.220755] cpuidle: using governor menu
[    0.221740] vdso: 2 pages (1 code @ ffff000008d76000, 1 data @ ffff0000094d4000)
[    0.221765] hw-breakpoint: found 6 breakpoint and 4 watchpoint registers.
[    0.227953] DMA: preallocated 256 KiB pool for atomic allocations
[    0.229562] Serial: AMBA PL011 UART driver
[    0.230052] imx rpmsg driver is registered.
[    0.237635] imx8mq-pinctrl 30330000.iomuxc: initialized IMX pinctrl driver
[    0.247292] MU is ready for cross core communication!
[    0.248994] virtio_rpmsg_bus virtio0: rpmsg host is online
[    0.280251] HugeTLB registered 2.00 MiB page size, pre-allocated 0 pages
[    0.289736] ACPI: Interpreter disabled.
[    0.804698] vgaarb: loaded
[    0.805174] SCSI subsystem initialized
[    0.805783] libata version 3.00 loaded.
[    0.806144] usbcore: registered new interface driver usbfs
[    0.806195] usbcore: registered new interface driver hub
[    0.806438] usbcore: registered new device driver usb
[    0.811823] bd71837 0-004b: Device ID=0xA2
[    0.811839] bd71837 0-004b: gpio_intr = 3 
[    0.811853] bd71837 0-004b: chip_irq=71 
[    0.875840] bd71837-pmic bd71837-pmic: regulator register name 'buck1'
[    0.895624] bd71837-pmic bd71837-pmic: Buck[1] Set Ramp = 1250
[    0.916116] bd71837-pmic bd71837-pmic: regulator register name 'buck2'
[    0.952191] bd71837-pmic bd71837-pmic: regulator register name 'buck3'
[    0.992252] bd71837-pmic bd71837-pmic: regulator register name 'buck4'
[    1.028316] bd71837-pmic bd71837-pmic: regulator register name 'buck5'
[    1.052357] bd71837-pmic bd71837-pmic: regulator register name 'buck6'
[    1.072401] bd71837-pmic bd71837-pmic: regulator register name 'buck7'
[    1.096505] bd71837-pmic bd71837-pmic: regulator register name 'buck8'
[    1.116700] bd71837-pmic bd71837-pmic: regulator register name 'ldo1'
[    1.132742] bd71837-pmic bd71837-pmic: regulator register name 'ldo2'
[    1.136839] bd71837-pmic bd71837-pmic: regulator register name 'ldo3'
[    1.152845] bd71837-pmic bd71837-pmic: regulator register name 'ldo4'
[    1.168885] bd71837-pmic bd71837-pmic: regulator register name 'ldo5'
[    1.184931] bd71837-pmic bd71837-pmic: regulator register name 'ldo6'
[    1.200967] bd71837-pmic bd71837-pmic: regulator register name 'ldo7'
[    1.204732] random: fast init done
[    1.217019] bd71837-pmic bd71837-pmic: Buck1: DVS Run-Idle-Susp[900000 - 900000 - 800000].
[    1.228836] bd71837-pmic bd71837-pmic: Buck2: DVS Run-Idle-Susp[1000000 - 900000 - 0].
[    1.236856] bd71837-pmic bd71837-pmic: Buck3: DVS Run-Idle-Susp[900000 - 0 - 0].
[    1.240921] bd71837-pmic bd71837-pmic: Buck4: DVS Run-Idle-Susp[900000 - 0 - 0].
[    1.257113] i2c i2c-0: IMX I2C adapter registered
[    1.257132] i2c i2c-0: can't use DMA, using PIO instead.
[    1.258016] i2c i2c-1: IMX I2C adapter registered
[    1.258035] i2c i2c-1: can't use DMA, using PIO instead.
[    1.258712] i2c i2c-2: IMX I2C adapter registered
[    1.258729] i2c i2c-2: can't use DMA, using PIO instead.
[    1.260237] media: Linux media interface: v0.10
[    1.260283] Linux video capture interface: v2.00
[    1.260381] pps_core: LinuxPPS API ver. 1 registered
[    1.260395] pps_core: Software ver. 5.3.6 - Copyright 2005-2007 Rodolfo Giometti <giometti@linux.it>
[    1.260423] PTP clock support registered
[    1.260578] EDAC MC: Ver: 3.0.0
[    1.260875] dmi: Firmware registration failed.
[    1.261710] Advanced Linux Sound Architecture Driver Initialized.
[    1.262417] Bluetooth: Core ver 2.22
[    1.262521] NET: Registered protocol family 31
[    1.262534] Bluetooth: HCI device and connection manager initialized
[    1.262552] Bluetooth: HCI socket layer initialized
[    1.262566] Bluetooth: L2CAP socket layer initialized
[    1.262592] Bluetooth: SCO socket layer initialized
[    1.264389] clocksource: Switched to clocksource arch_sys_counter
[    1.264658] VFS: Disk quotas dquot_6.6.0
[    1.264717] VFS: Dquot-cache hash table entries: 512 (order 0, 4096 bytes)
[    1.264969] pnp: PnP ACPI: disabled
[    1.281184] NET: Registered protocol family 2
[    1.281693] TCP established hash table entries: 8192 (order: 4, 65536 bytes)
[    1.281793] TCP bind hash table entries: 8192 (order: 5, 131072 bytes)
[    1.281934] TCP: Hash tables configured (established 8192 bind 8192)
[    1.282015] UDP hash table entries: 512 (order: 2, 16384 bytes)
[    1.282055] UDP-Lite hash table entries: 512 (order: 2, 16384 bytes)
[    1.282179] NET: Registered protocol family 1
[    1.283188] RPC: Registered named UNIX socket transport module.
[    1.283203] RPC: Registered udp transport module.
[    1.283215] RPC: Registered tcp transport module.
[    1.283226] RPC: Registered tcp NFSv4.1 backchannel transport module.
[    1.283243] PCI: CLS 0 bytes, default 128
[    1.284964] hw perfevents: enabled with armv8_pmuv3 PMU driver, 7 counters available
[    1.285565] kvm [1]: 8-bit VMID
[    1.286484] kvm [1]: GICv3: no GICV resource entry
[    1.286498] kvm [1]: disabling GICv2 emulation
[    1.286624] kvm [1]: GIC system register CPU interface enabled
[    1.286993] kvm [1]: vgic interrupt IRQ1
[    1.287424] kvm [1]: Hyp mode initialized successfully
[    1.296759] audit: initializing netlink subsys (disabled)
[    1.297125] audit: type=2000 audit(1.259:1): state=initialized audit_enabled=0 res=1
[    1.297866] workingset: timestamp_bits=44 max_order=18 bucket_order=0
[    1.307045] squashfs: version 4.0 (2009/01/31) Phillip Lougher
[    1.308122] NFS: Registering the id_resolver key type
[    1.308152] Key type id_resolver registered
[    1.308164] Key type id_legacy registered
[    1.308181] nfs4filelayout_init: NFSv4 File Layout Driver Registering...
[    1.308213] jffs2: version 2.2. (NAND) Â© 2001-2006 Red Hat, Inc.
[    1.308841] 9p: Installing v9fs 9p2000 file system support
[    1.328612] Block layer SCSI generic (bsg) driver version 0.4 loaded (major 245)
[    1.329082] io scheduler noop registered
[    1.329253] io scheduler cfq registered (default)
[    1.329267] io scheduler mq-deadline registered
[    1.329279] io scheduler kyber registered
[    1.353562] mxs-dma 33000000.dma-apbh: initialized
[    1.355300] Bus freq driver module loaded
[    1.357244] Config NOC for VPU and CPU
[    1.369175] Serial: 8250/16550 driver, 4 ports, IRQ sharing enabled
[    1.372751] SuperH (H)SCI(F) driver initialized
[    1.373600] 30860000.serial: ttymxc0 at MMIO 0x30860000 (irq = 41, base_baud = 1562500) is a IMX
[    2.558661] console [ttymxc0] enabled
[    2.563263] 30880000.serial: ttymxc2 at MMIO 0x30880000 (irq = 42, base_baud = 1562500) is a IMX
[    2.572973] clk: failed to reparent uart2 to sys1_pll_160m: -22
[    2.579035] 30890000.serial: ttymxc1 at MMIO 0x30890000 (irq = 43, base_baud = 1562500) is a IMX
[    2.589046] msm_serial: driver initialized
[    2.607625] [drm] Supports vblank timestamp caching Rev 2 (21.10.2013).
[    2.614333] [drm] No driver support for vblank timestamp query.
[    2.620415] imx-drm display-subsystem: bound imx-dcss-crtc.0 (ops dcss_crtc_ops)
[    2.628007] [drm] CDN_API_General_Test_Echo_Ext_blocking - APB(ret = 0 echo_resp = echo test)
[    2.636614] [drm] CDN_API_General_getCurVersion - ver 13196 verlib 13062
[    2.643373] [drm] Pixel clock frequency: 594000 KHz, character clock frequency: 594000, color depth is 8-bit.
[    2.653371] [drm] Pixel clock frequency (594000 KHz) is supported in this color depth (8-bit). Settings found in row 27
[    2.664179] [drm] VCO frequency is 5940000
[    2.668350] [drm] VCO frequency (5940000 KHz) is supported. Settings found in row 14
[    2.699898] [drm] CDN_API_General_Write_Register_blocking LANES_CONFIG ret = 0
[    2.707162] [drm] Failed to get HDCP config - using HDCP 2.2 only
[    2.713367] [drm] Failed to initialize HDCP
[    2.719191] [drm] hdmi-audio-codec driver bound to HDMI
[    2.724451] imx-drm display-subsystem: bound 32c00000.hdmi (ops imx_hdp_imx_ops)
[    2.731970] [drm] Cannot find any crtc or sizes
[    2.737060] [drm] Initialized imx-drm 1.0.0 20120507 for display-subsystem on minor 0
[    2.752569] loop: module loaded
[    2.761215] slram: not enough parameters.
[    2.767259] spi_imx 30820000.ecspi: dma setup error -19, use pio
[    2.774840] spi_imx 30820000.ecspi: probed
[    2.781783] libphy: Fixed MDIO Bus: probed
[    2.787066] NXP PHY: loading NXP PHY driver: [autonomous mode]
[    2.793360] tun: Universal TUN/TAP device driver, 1.6
[    2.798771] CAN device driver interface
[    2.804889] fec 30be0000.ethernet: 30be0000.ethernet supply phy not found, using dummy regulator
[    2.814286] pps pps0: new PPS source ptp0
[    2.822922] libphy: fec_enet_mii_bus: probed
[    2.828818] fec 30be0000.ethernet eth0: registered PHC device 0
[    2.835740] e1000e: Intel(R) PRO/1000 Network Driver - 3.2.6-k
[    2.841649] e1000e: Copyright(c) 1999 - 2015 Intel Corporation.
[    2.847684] igb: Intel(R) Gigabit Ethernet Network Driver - version 5.4.0-k
[    2.854722] igb: Copyright (c) 2007-2014 Intel Corporation.
[    2.860415] igbvf: Intel(R) Gigabit Virtual Function Network Driver - version 2.4.0-k
[    2.868266] igbvf: Copyright (c) 2009 - 2012 Intel Corporation.
[    2.874840] sky2: driver version 1.30
[    2.887701] ehci_hcd: USB 2.0 'Enhanced' Host Controller (EHCI) Driver
[    2.894269] ehci-pci: EHCI PCI platform driver
[    2.898881] ehci-platform: EHCI generic platform driver
[    2.904353] ehci-orion: EHCI orion driver
[    2.908645] ehci-exynos: EHCI EXYNOS driver
[    2.913028] ehci-msm: Qualcomm On-Chip EHCI Host Controller
[    2.918779] ohci_hcd: USB 1.1 'Open' Host Controller (OHCI) Driver
[    2.924991] ohci-pci: OHCI PCI platform driver
[    2.929596] ohci-platform: OHCI generic platform driver
[    2.935040] ohci-exynos: OHCI EXYNOS driver
[    2.939937] Can't support > 32 bit dma.
[    2.943830] xhci-hcd xhci-hcd.0.auto: xHCI Host Controller
[    2.949410] xhci-hcd xhci-hcd.0.auto: new USB bus registered, assigned bus number 1
[    2.962568] xhci-hcd xhci-hcd.0.auto: hcc params 0x0220fe6c hci version 0x110 quirks 0x0000000001010810
[    2.972036] xhci-hcd xhci-hcd.0.auto: irq 230, io mem 0x38200000
[    2.978855] hub 1-0:1.0: USB hub found
[    2.982652] hub 1-0:1.0: 1 port detected
[    2.987027] xhci-hcd xhci-hcd.0.auto: xHCI Host Controller
[    2.992543] xhci-hcd xhci-hcd.0.auto: new USB bus registered, assigned bus number 2
[    3.000285] xhci-hcd xhci-hcd.0.auto: Host supports USB 3.0  SuperSpeed
[    3.007574] hub 2-0:1.0: USB hub found
[    3.011419] hub 2-0:1.0: 1 port detected
[    3.016394] usbcore: registered new interface driver usb-storage
[    3.022607] usbcore: registered new interface driver usbserial
[    3.028603] usbcore: registered new interface driver cp210x
[    3.034271] usbserial: USB Serial support registered for cp210x
[    3.040358] usbcore: registered new interface driver ftdi_sio
[    3.046203] usbserial: USB Serial support registered for FTDI USB Serial Device
[    3.053642] ftdi_elan: driver ftdi-elan
[    3.057582] usbcore: registered new interface driver ftdi-elan
[    3.063575] usbcore: registered new interface driver usb_ehset_test
[    3.073501] input: 30370000.snvs:snvs-powerkey as /devices/platform/30370000.snvs/30370000.snvs:snvs-powerkey/input/input0
[    3.087676] snvs_rtc 30370000.snvs:snvs-rtc-lp: rtc core: registered 30370000.snvs:snvs-rtc-lp as rtc0
[    3.097821] i2c /dev entries driver
[    3.104717] IR NEC protocol handler initialized
[    3.109271] IR RC5(x/sz) protocol handler initialized
[    3.114341] IR RC6 protocol handler initialized
[    3.118945] IR JVC protocol handler initialized
[    3.123492] IR Sony protocol handler initialized
[    3.128126] IR SANYO protocol handler initialized
[    3.132901] IR Sharp protocol handler initialized
[    3.137623] IR MCE Keyboard/mouse protocol handler initialized
[    3.143527] IR XMP protocol handler initialized
[    3.149684] ov5645_mipi 1-003c: 1-003c supply DOVDD not found, using dummy regulator
[    3.157502] ov5645_mipi 1-003c: 1-003c supply DVDD not found, using dummy regulator
[    3.165271] ov5645_mipi 1-003c: 1-003c supply AVDD not found, using dummy regulator
[    3.244744] ov5645_read_reg:write reg error:reg=300a
[    3.249729] camera ov5645_mipi is not found
[    3.255397] mxc-mipi-csi2_yav 30a70000.mipi_csi1: mipi_csi2_probe
[    3.261618] CSI: Registered sensor subdevice: mxc-mipi-csi2.0
[    3.267456] mxc-mipi-csi2_yav 30a70000.mipi_csi: Remote device at /mipi_csi1@30a70000/port/endpoint1 XXX found
[    3.277492] mxc-mipi-csi2_yav 30a70000.mipi_csi1: lanes: 2, name: mxc-mipi-csi2.0
[    3.288095] gpio-fan gpio_fan: GPIO fan initialized
[    3.296164] imx2-wdt 30280000.wdog: timeout 60 sec (nowayout=0)
[    3.303207] Bluetooth: HCI UART driver ver 2.3
[    3.307677] Bluetooth: HCI UART protocol H4 registered
[    3.312890] Bluetooth: HCI UART protocol BCSP registered
[    3.318221] Bluetooth: HCI UART protocol ATH3K registered
[    3.323692] Bluetooth: HCI UART protocol Three-wire (H5) registered
[    3.330232] Bluetooth: HCI UART protocol Broadcom registered
[    3.335966] Bluetooth: HCI UART protocol QCA registered
[    3.342971] sdhci: Secure Digital Host Controller Interface driver
[    3.349176] sdhci: Copyright(c) Pierre Ossman
[    3.353827] Synopsys Designware Multimedia Card Interface Driver
[    3.361187] sdhci-pltfm: SDHCI platform and OF driver helper
[    3.412440] mmc0: SDHCI controller on 30b40000.usdhc [30b40000.usdhc] using ADMA
[    3.421176] sdhci-esdhc-imx 30b50000.usdhc: Got CD GPIO
[    3.478647] mmc1: SDHCI controller on 30b50000.usdhc [30b50000.usdhc] using ADMA
[    3.503024] update hantro voltage from 900 mV to 1000 mV
[    3.508884] hantrodec: module inserted. Major = 237
[    3.516685] ledtrig-cpu: registered to indicate activity on CPUs
[    3.523908] caam 30900000.caam: ERA source: CCBVID.
[    3.532000] caam 30900000.caam: device ID = 0x0a16040100000000 (Era 9)
[    3.538743] caam 30900000.caam: job rings = 3, qi = 0, dpaa2 = no
[    3.548343] caam_jr 30901000.jr0: Entropy delay = 3200
[    3.553758] caam_jr 30901000.jr0: Entropy delay = 3600
[    3.581795] mmc0: new HS400 MMC card at address 0001
[    3.587428] mmcblk0: mmc0:0001 008G30 7.28 GiB 
[    3.592407] mmcblk0boot0: mmc0:0001 008G30 partition 1 4.00 MiB
[    3.598757] mmcblk0boot1: mmc0:0001 008G30 partition 2 4.00 MiB
[    3.605055] mmcblk0rpmb: mmc0:0001 008G30 partition 3 4.00 MiB
[    3.621474]  mmcblk0: p1 p2 p3 p4
[    3.626605] caam_jr 30901000.jr0: Instantiated RNG4 SH0.
[    3.694766] caam_jr 30901000.jr0: Instantiated RNG4 SH1.
[    3.710732] mmc1: host does not support reading read-only switch, assuming write-enable
[    3.729485] caam algorithms registered in /proc/crypto
[    3.739612] caam_jr 30901000.jr0: registering rng-caam
[    3.745187] caam 30900000.caam: caam pkc algorithms registered in /proc/crypto
[    3.748520] [drm] Cannot find any crtc or sizes
[    3.754116] platform caam_sm: blkkey_ex: 2 keystore units available
[    3.765061] caam-snvs 30370000.caam-snvs: can't get snvs clock
[    3.771014] caam-snvs 30370000.caam-snvs: violation handlers armed - non-secure state
[    3.779493] usbcore: registered new interface driver usbhid
[    3.785146] usbhid: USB HID core driver
[    3.803944] rt5645: Raising HP charge pump threshold to prevent jack event mis-detects.
[    3.812036] rt5645 2-001a: 2-001a supply avdd not found, using dummy regulator
[    3.819394] rt5645 2-001a: 2-001a supply cpvdd not found, using dummy regulator
[    3.851372] mmc1: new ultra high speed SDR104 SDXC card at address 59b4
[    3.857194] edgetpu-audio-card sound-rt5645: clock set to 24576000
[    3.858651] mmcblk1: mmc1:59b4 SD64G 59.4 GiB 
[    3.878378] edgetpu-audio-card sound-rt5645: rt5645-aif1 <-> 308b0000.sai mapping ok
[    3.886274] edgetpu-audio-card sound-rt5645: ASoC: no DMI vendor name!
[    3.968121] input: edgetpu-audio-card Headphone Jack as /devices/platform/sound-rt5645/sound/card0/input1
[    3.979332] NET: Registered protocol family 26
[    3.984417] NET: Registered protocol family 10
[    3.989921] Segment Routing with IPv6
[    3.993642] NET: Registered protocol family 17
[    3.998164] can: controller area network core (rev 20170425 abi 9)
[    4.004412] NET: Registered protocol family 29
[    4.008876] can: raw protocol (rev 20170425)
[    4.013218] can: broadcast manager protocol (rev 20170425 t)
[    4.018900] can: netlink gateway (rev 20170425) max_hops=1
[    4.024822] Bluetooth: RFCOMM TTY layer initialized
[    4.029727] Bluetooth: RFCOMM socket layer initialized
[    4.034948] Bluetooth: RFCOMM ver 1.11
[    4.038720] Bluetooth: BNEP (Ethernet Emulation) ver 1.3
[    4.044105] Bluetooth: BNEP filters: protocol multicast
[    4.049352] Bluetooth: BNEP socket layer initialized
[    4.054389] Bluetooth: HIDP (Human Interface Emulation) ver 1.2
[    4.060330] Bluetooth: HIDP socket layer initialized
[    4.065404] lib80211: common routines for IEEE802.11 drivers
[    4.071088] lib80211_crypt: registered algorithm 'NULL'
[    4.071092] lib80211_crypt: registered algorithm 'WEP'
[    4.071095] lib80211_crypt: registered algorithm 'CCMP'
[    4.071099] lib80211_crypt: registered algorithm 'TKIP'
[    4.071124] 9pnet: Installing 9P2000 support
[    4.075559] Key type dns_resolver registered
[    4.084248] registered taskstats version 1
[    4.095388] failed to disable 800MHz OPP!
[    4.099493] failed to disable 1.3GHz OPP!
[    4.106178] cpu cpu0: registered imx8mq-cpufreq
[    4.113364] imx6q-pcie 33800000.pcie: 33800000.pcie supply epdev_on not found, using dummy regulator
[    4.129891] OF: PCI: host bridge /pcie@0x33800000 ranges:
[    4.135387] OF: PCI:   No bus range found for /pcie@0x33800000, using [bus 00-ff]
[    4.142902] OF: PCI:    IO 0x1ff80000..0x1ff8ffff -> 0x00000000
[    4.148842] OF: PCI:   MEM 0x18000000..0x1fefffff -> 0x18000000
[    4.159110] imx6q-pcie 33800000.pcie: pcie phy pll is locked.
[    4.218265] imx6q-pcie 33800000.pcie: Link: Gen2 disabled
[    4.223677] imx6q-pcie 33800000.pcie: Link up, Gen1
[    4.231412] imx6q-pcie 33800000.pcie: PCI host bridge to bus 0000:00
[    4.237833] pci_bus 0000:00: root bus resource [bus 00-ff]
[    4.243425] pci_bus 0000:00: root bus resource [io  0x0000-0xffff]
[    4.249653] pci_bus 0000:00: root bus resource [mem 0x18000000-0x1fefffff]
[    4.256602] pci 0000:00:00.0: [16c3:abcd] type 01 class 0x060400
[    4.256636] pci 0000:00:00.0: reg 0x10: [mem 0x00000000-0x000fffff 64bit]
[    4.256652] pci 0000:00:00.0: reg 0x38: [mem 0x00000000-0x0000ffff pref]
[    4.256706] pci 0000:00:00.0: supports D1
[    4.256716] pci 0000:00:00.0: PME# supported from D0 D1 D3hot D3cold
[    4.257249] pci 0000:01:00.0: [168c:003e] type 00 class 0x028000
[    4.257408] pci 0000:01:00.0: reg 0x10: [mem 0x00000000-0x001fffff 64bit]
[    4.257909] pci 0000:01:00.0: PME# supported from D0 D3hot D3cold
[    4.268511] pci 0000:00:00.0: BAR 14: assigned [mem 0x18000000-0x181fffff]
[    4.275470] pci 0000:00:00.0: BAR 0: assigned [mem 0x18200000-0x182fffff 64bit]
[    4.282867] pci 0000:00:00.0: BAR 6: assigned [mem 0x18300000-0x1830ffff pref]
[    4.290118] pci 0000:01:00.0: BAR 0: assigned [mem 0x18000000-0x181fffff 64bit]
[    4.297547] pci 0000:00:00.0: PCI bridge to [bus 01-ff]
[    4.302796] pci 0000:00:00.0:   bridge window [mem 0x18000000-0x181fffff]
[    4.309671] pci 0000:00:00.0: Max Payload Size set to  128/ 128 (was  128), Max Read Rq  128
[    4.318187] pci 0000:01:00.0: Max Payload Size set to  128/ 256 (was  128), Max Read Rq  128
[    4.327198] pcieport 0000:00:00.0: Signaling PME with IRQ 234
[    4.333115] pcieport 0000:00:00.0: AER enabled with IRQ 234
[    4.339700] imx6q-pcie 33c00000.pcie: 33c00000.pcie supply epdev_on not found, using dummy regulator
[    4.349710] OF: PCI: host bridge /pcie@0x33c00000 ranges:
[    4.355257] OF: PCI:   No bus range found for /pcie@0x33c00000, using [bus 00-ff]
[    4.362831] OF: PCI:    IO 0x27f80000..0x27f8ffff -> 0x00000000
[    4.368893] OF: PCI:   MEM 0x20000000..0x27efffff -> 0x20000000
[    4.379524] imx6q-pcie 33c00000.pcie: pcie phy pll is locked.
[    4.439733] imx6q-pcie 33c00000.pcie: Link up, Gen2
[    4.446886] imx6q-pcie 33c00000.pcie: PCI host bridge to bus 0001:00
[    4.453305] pci_bus 0001:00: root bus resource [bus 00-ff]
[    4.458874] pci_bus 0001:00: root bus resource [io  0x10000-0x1ffff] (bus address [0x0000-0xffff])
[    4.467902] pci_bus 0001:00: root bus resource [mem 0x20000000-0x27efffff]
[    4.474860] pci 0001:00:00.0: [16c3:abcd] type 01 class 0x060400
[    4.474878] pci 0001:00:00.0: reg 0x10: [mem 0x00000000-0x000fffff 64bit]
[    4.474884] pci 0001:00:00.0: reg 0x38: [mem 0x00000000-0x0000ffff pref]
[    4.474911] pci 0001:00:00.0: supports D1
[    4.474915] pci 0001:00:00.0: PME# supported from D0 D1 D3hot D3cold
[    4.475165] pci 0001:01:00.0: [1ac1:089a] type 00 class 0x0000ff
[    4.475269] pci 0001:01:00.0: reg 0x10: [mem 0x00000000-0x00003fff 64bit pref]
[    4.475311] pci 0001:01:00.0: reg 0x18: [mem 0x00000000-0x000fffff 64bit pref]
[    4.484544] pci 0001:00:00.0: BAR 0: assigned [mem 0x20000000-0x200fffff 64bit]
[    4.492037] pci 0001:00:00.0: BAR 15: assigned [mem 0x20100000-0x202fffff pref]
[    4.499407] pci 0001:00:00.0: BAR 6: assigned [mem 0x20300000-0x2030ffff pref]
[    4.506742] pci 0001:00:00.0: PCI bridge to [bus 01-ff]
[    4.512018] pci 0001:00:00.0:   bridge window [mem 0x20100000-0x202fffff pref]
[    4.519363] pci 0001:00:00.0: Max Payload Size set to  128/ 128 (was  128), Max Read Rq  128
[    4.527912] pci 0001:01:00.0: Max Payload Size set to  128/ 256 (was  128), Max Read Rq  128
[    4.537221] pcieport 0001:00:00.0: Signaling PME with IRQ 363
[    4.543286] pcieport 0001:00:00.0: AER enabled with IRQ 363
[    4.555833] asoc-simple-card sound-header: snd-soc-dummy-dai <-> 30010000.sai mapping ok
[    4.564017] asoc-simple-card sound-header: ASoC: no DMI vendor name!
[    4.581021] snvs_rtc 30370000.snvs:snvs-rtc-lp: setting system clock to 2024-03-27 01:48:42 UTC (1711504122)
[    4.591963] buck3: disabling
[    4.596316] ALSA device list:
[    4.599365]   #0: edgetpu-audio-card
[    4.603007]   #1: 40-pin Header
[    4.784284] EXT4-fs (mmcblk0p4): recovery complete
[    4.790244] EXT4-fs (mmcblk0p4): mounted filesystem with ordered data mode. Opts: (null)
[    4.798445] VFS: Mounted root (ext4 filesystem) on device 179:4.
[    4.806825] devtmpfs: mounted
[    4.810177] Freeing unused kernel memory: 1280K
[    4.983089] ip_tables: (C) 2000-2006 Netfilter Core Team
[    4.999473] systemd[1]: systemd 241 running in system mode. (+PAM +AUDIT +SELINUX +IMA +APPARMOR +SMACK +SYSVINIT +UTMP +LIBCRYPTSETUP +GCRYPT +GNUTLS +ACL +XZ +LZ4 +SECCOMP +BLKID +ELFUTILS +KMOD -IDN2 +IDN -PCRE2 default-hierarchy=hybrid)
[    5.021231] systemd[1]: Detected architecture arm64.
[    5.038055] systemd[1]: Set hostname to <undefined-rabbit>.
[    5.188932] systemd[1]: File /lib/systemd/system/systemd-journald.service:12 configures an IP firewall (IPAddressDeny=any), but the local system does not support BPF/cgroup based firewalling.
[    5.206361] systemd[1]: Proceeding WITHOUT firewalling in effect! (This warning is only shown for the first loaded unit using IP firewalling.)
[    5.274179] systemd[1]: /lib/systemd/system/vitalsd.service:3: Failed to add dependency on usb-gadget, ignoring: Unknown error -22
[    5.286031] systemd[1]: /lib/systemd/system/vitalsd.service:5: Unknown lvalue 'Exec' in section 'Service', ignoring
[    5.296769] systemd[1]: vitalsd.service: Service has no ExecStart=, ExecStop=, or SuccessAction=. Refusing.
[    5.374386] systemd[1]: /lib/systemd/system/usb-gadget-getty-ttyGS0.service:21: Unknown lvalue 'TTYDisallocate' in section 'Service', ignoring
[    5.411862] random: systemd: uninitialized urandom read (16 bytes read)
[    5.421239] systemd[1]: vitalsd.service: Cannot add dependency job, ignoring: Unit vitalsd.service has a bad unit file setting.
[    5.434885] random: systemd: uninitialized urandom read (16 bytes read)
[    5.442303] random: systemd: uninitialized urandom read (16 bytes read)
[    5.514711] EXT4-fs (mmcblk0p4): re-mounted. Opts: (null)
[    5.666001] systemd-journald[2040]: Received request to flush runtime journal from PID 1
[    5.911797] imx-sdma 30bd0000.sdma: no iram assigned, using external mem
[    5.935113] imx-sdma 30bd0000.sdma: loaded firmware 4.2
[    5.945286] imx-sdma 302c0000.sdma: no iram assigned, using external mem
[    5.979031] imx-sdma 302c0000.sdma: loaded firmware 4.2
[    5.979035] ina2xx 1-0040: error configuring the device: -6
[    5.985767] ina2xx 1-0041: error configuring the device: -6
[    6.083043] gasket: module is from the staging directory, the quality is unknown, you have been warned.
[    6.093894] [Debug Sri] In gasket_init function 
[    6.099423] [Debug Sri] In gasket_sysfs_init function 
[    6.122408] apex: module is from the staging directory, the quality is unknown, you have been warned.
[    6.132469] [Debug Sri] In apex_init function 
[    6.137078] [Debug Sri] In gasket_register_device function 
[    6.143225] [Debug Sri] In apex_pci_probe function 
[    6.148441] apex 0001:01:00.0: can't enable device: BAR 0 [mem 0x00000000-0x00003fff 64bit pref] not claimed
[    6.158481] [Debug Sri] In apex_pci_fixup_class function 
[    6.164174] apex 0001:01:00.0: BAR 2: assigned [mem 0x20100000-0x201fffff 64bit pref]
[    6.164218] apex 0001:01:00.0: BAR 0: assigned [mem 0x20200000-0x20203fff 64bit pref]
[    6.164274] apex 0001:01:00.0: enabling device (0000 -> 0002)
[    6.164306] [Debug Sri] In gasket_pci_add_device function 
[    6.164307] [Debug Sri] add PCI gasket device
[    6.164310] [Debug Sri] In lookup_pci_internal_desc function 
[    6.164314] [Debug Sri] In __gasket_add_device function 
[    6.164315] [Debug Sri] In gasket_alloc_dev function 
[    6.164317] [Debug Sri] In gasket_find_dev_slot function 
[    6.164586] [Debug Sri] In gasket_sysfs_create_mapping function 
[    6.223890] [Debug Sri] Creating sysfs entries for device
[    6.224359] wlan: loading out-of-tree module taints kernel.
[    6.229460] [Debug Sri] In get_mapping function 
[    6.236219] galcore: loading out-of-tree module taints kernel.
[    6.239961] [Debug Sri] get_mapping: Mapping to device apex_0 not found
[    6.252660] [Debug Sri] Creating sysfs mapping for device apex_0
[    6.252675] [Debug Sri] In gasket_sysfs_create_entries function 
[    6.265898] [Debug Sri] In get_mapping function 
[    6.270616] [Debug Sri] In put_mapping function 
[    6.275325] [Debug Sri] In gasket_setup_pci function 
[    6.280474] [Debug Sri] In gasket_map_pci_bar function 
[    6.285988] [Debug Sri] In gasket_map_pci_bar function 
[    6.291472] [Debug Sri] In gasket_map_pci_bar function 
[    6.297051] [Debug Sri] gasket_dev->bar_data[bar_num].virt_base = ffff000010700000
[    6.304869] [Debug Sri] gasket_dev->bar_data[bar_num].phys_base = 0000000020100000
[    6.312486] Can't support > 32 bit dma.
[    6.316654] Can't support > 32 bit dma.
[    6.320570] [Debug Sri] In gasket_map_pci_bar function 
[    6.323237] wlan: loading driver v4.5.23.1
[    6.326252] [Debug Sri] In gasket_map_pci_bar function 
[    6.335467] [Debug Sri] In gasket_map_pci_bar function 
[    6.340419] hif_pci_probe:, con_mode= 0x0
[    6.341060] [Debug Sri] In apply_module_params function 
[    6.345174] Galcore version 6.4.2.256507
[    6.347602] PCI device id is 003e :003e
[    6.347619] hif_pci 0000:01:00.0: BAR 0: assigned [mem 0x18000000-0x181fffff 64bit]
[    6.347745] hif_pci 0000:01:00.0: enabling device (0000 -> 0002)
[    6.349240] 
                hif_pci_configure : num_desired MSI set to 1
[    6.351873] [Debug Sri] In millic_to_adc function 
[    6.379249] hif_pci_probe: ramdump base 0xffff800024e00000 size 2095136
[    6.384864] [Debug Sri] In millic_to_adc function 
[    6.395289] [Debug Sri] In millic_to_adc function 
[    6.400487] [Debug Sri] In millic_to_adc function 
[    6.405323] [Debug Sri] In millic_to_adc function 
[    6.410466] [Debug Sri] In program_hw_temp_warnings function 
[    6.416498] [Debug Sri] In apex_reset function 
[    6.422051] [Debug Sri] In is_gcb_in_reset function 
[    6.427449] [Debug Sri] apex_reset: toggle reset
[    6.432363] [Debug Sri] In apex_enter_reset function 
[    6.437793] [Debug Sri] In gasket_wait_with_reschedule function 
[    6.444227] [Debug Sri] In gasket_wait_with_reschedule function 
[    6.444632] NUM_DEV=1 FWMODE=0x2 FWSUBMODE=0x0 FWBR_BUF 0
[    6.450587] [Debug Sri] In apex_quit_reset function 
[    6.461058] [Debug Sri] In gasket_wait_with_reschedule function 
[    6.467396] [Debug Sri] In gasket_wait_with_reschedule function 
[    6.474380] [Debug Sri] Allow HW clock gating 0xe0050804 -> 0xe8050804
[    6.481324] [Debug Sri] In enable_thermal_sensing function 
[    6.487161] [Debug Sri] In gasket_sysfs_create_entries function 
[    6.493540] [Debug Sri] In get_mapping function 
[    6.498444] [Debug Sri] In put_mapping function 
[    6.503400] [Debug Sri] In gasket_enable_device function 
[    6.509068] [Debug Sri] enabling device
[    6.516441] [Debug Sri] In gasket_interrupt_init function 
[    6.524614] [Debug Sri] In gasket_get_driver_desc function 
[    6.536352] [Debug Sri] In gasket_interrupt_msix_init function 
[    6.542754] [Debug Sri] In force_msix_interrupt_unmasking function 
[    6.549466] [Debug Sri] In gasket_interrupt_setup function 
[    6.555311] [Debug Sri] Running interrupt setup
[    6.560309] [Debug Sri] Setting up interrupt index 0 with index 0x46018 and packing 4
[    6.568498] [Debug Sri] Setting up interrupt index 1 with index 0x46020 and packing 4
[    6.576381] [Debug Sri] Setting up interrupt index 2 with index 0x46028 and packing 4
[    6.584368] [Debug Sri] Setting up interrupt index 3 with index 0x46030 and packing 4
[    6.592540] [Debug Sri] Setting up interrupt index 4 with index 0x46038 and packing 0
[    6.592545] [Debug Sri] Setting up interrupt index 5 with index 0x46038 and packing 1
[    6.592549] [Debug Sri] Setting up interrupt index 6 with index 0x46038 and packing 2
[    6.592553] [Debug Sri] Setting up interrupt index 7 with index 0x46038 and packing 3
[    6.592557] [Debug Sri] Setting up interrupt index 8 with index 0x46040 and packing 0
[    6.592560] [Debug Sri] Setting up interrupt index 9 with index 0x46040 and packing 1
[    6.592565] [Debug Sri] Setting up interrupt index 10 with index 0x46040 and packing 2
[    6.592569] [Debug Sri] Setting up interrupt index 11 with index 0x46040 and packing 3
[    6.592573] [Debug Sri] Setting up interrupt index 12 with index 0x46048 and packing 4
[    6.592576] [Debug Sri] In gasket_sysfs_create_entries function 
[    6.592578] [Debug Sri] In get_mapping function 
[    6.592591] [Debug Sri] In put_mapping function 
[    6.592593] [Debug Sri] Initializing page table 0.
[    6.592598] [Debug Sri] In gasket_page_table_init function 
[    6.592601] [Debug Sri] Attempting to initialize page table of size 0x2000
[    6.592604] [Debug Sri] Table has base reg 0x50000, extended offset reg 0x46008
[    6.592669] [Debug Sri] Page table initialized with 8192 simple entries and 0 extended entries
[    6.712836] [Debug Sri] Page table initialized with base slot ffff000010750000 and extended offset reg ffff000010746008
[    6.723760] [Debug Sri] Page table initialized successfully
[    6.723764] [Debug Sri] In gasket_page_table_reset function 
[    6.723766] [Debug Sri] In gasket_page_table_unmap_all_nolock function 
[    6.723770] [Debug Sri] In gasket_page_table_detach_dmabuf_nolock function 
[    6.748782] [Debug Sri] In gasket_components_to_dev_address function 
[    6.748785] [Debug Sri] In gasket_unmap_simple_pages function 
[    6.748789] [Debug Sri] In gasket_simple_page_idx function 
[    6.767014] [Debug Sri] In gasket_perform_unmapping function 
[    6.768643] [Debug Sri] In gasket_components_to_dev_address function 
[    6.779307] [Debug Sri] In gasket_unmap_extended_pages function 
[    6.779310] [Debug Sri] In gasket_extended_lvl1_page_idx function 
[    6.779313] [Debug Sri] In gasket_extended_lvl0_page_idx function 
[    6.797962] [Debug Sri] In check_and_invoke_callback function 
[    6.797966] [Debug Sri] In gasket_get_hw_status function 
[    6.809441] [Debug Sri] In gasket_check_and_invoke_callback_nolock function 
[    6.809444] [Debug Sri] In apex_get_status function 
[    6.809446] [Debug Sri] In gasket_interrupt_system_status function 
[    6.809449] [Debug Sri] In gasket_page_table_system_status function 
[    6.809451] [Debug Sri] In gasket_page_table_num_entries function 
[    6.809453] [Debug Sri] In gasket_add_cdev function 
[    6.809459] [Debug Sri] In apex_enter_reset function 
[    6.809466] [Debug Sri] In gasket_wait_with_reschedule function 
[    6.809474] [Debug Sri] In gasket_wait_with_reschedule function 
[    6.952906] EXT4-fs (mmcblk0p3): mounted filesystem with ordered data mode. Opts: (null)
[    7.151286] EXT4-fs (mmcblk1): mounted filesystem with ordered data mode. Opts: (null)
[    7.164365] random: crng init done
[    7.167846] random: 7 urandom warning(s) missed due to ratelimiting
[    7.176772] +HWT
[    7.189033] -HWT
[    7.247107] HTT: full reorder offload enabled
[    7.274010] Pkt log is disabled
[    7.279960] Host SW:4.5.23.1, FW:2.0.1.1048, HW:QCA6174_REV3_2
[    7.280872] target uses HTT version 3.50; host uses 3.28
[    7.286313] ol_pktlog_init: pktlogmod_init successfull
[    7.296686] wlan: driver loaded in 976000
[    7.997931] using random self ethernet address
[    8.002678] using random host ethernet address
[    8.015283] using random self ethernet address
[    8.019827] using random host ethernet address
[    8.314328] nf_conntrack version 0.5.0 (8192 buckets, 32768 max)
[    8.340531] IPv6: ADDRCONF(NETDEV_UP): eth0: link is not ready
[    8.349290] Generic PHY 30be0000.ethernet-1:00: attached PHY driver [Generic PHY] (mii_bus:phy_addr=30be0000.ethernet-1:00, irq=POLL)
[    8.361828] IPv6: ADDRCONF(NETDEV_UP): eth0: link is not ready
[    8.383310] IPv6: ADDRCONF(NETDEV_UP): wlan0: link is not ready
[    8.389660] IPv6: ADDRCONF(NETDEV_UP): wlan0: link is not ready
[    8.443374] ip6_tables: (C) 2000-2006 Netfilter Core Team
[    8.524107] IPv6: ADDRCONF(NETDEV_UP): wlan0: link is not ready
[    8.655760] Netfilter messages via NETLINK v0.30.
[    8.670917] nf_tables: (c) 2007-2009 Patrick McHardy <kaber@trash.net>
[    9.068256] usb0: HOST MAC ce:67:05:94:08:3c
[    9.072851] usb0: MAC 02:22:78:0d:f6:df
[    9.079752] usb1: HOST MAC 02:22:78:0d:f6:dd
[    9.084514] usb1: MAC 02:22:78:0d:f6:de
[    9.292154] IPv6: ADDRCONF(NETDEV_UP): usb0: link is not ready
[    9.298980] IPv6: ADDRCONF(NETDEV_UP): usb0: link is not ready
[    9.313060] IPv6: ADDRCONF(NETDEV_UP): usb0: link is not ready
[    9.328983] IPv6: ADDRCONF(NETDEV_UP): usb0: link is not ready
[    9.469644] configfs-gadget gadget: super-speed config #1: c
[    9.478243] IPv6: ADDRCONF(NETDEV_CHANGE): usb0: link becomes ready
[    9.518380] NOHZ: local_softirq_pending 08
[    9.568698] NOHZ: local_softirq_pending 08
[    9.611900] IPv6: ADDRCONF(NETDEV_UP): usb1: link is not ready
[    9.618468] IPv6: ADDRCONF(NETDEV_UP): usb1: link is not ready
[    9.634366] IPv6: ADDRCONF(NETDEV_UP): usb1: link is not ready
[    9.648954] IPv6: ADDRCONF(NETDEV_UP): usb1: link is not ready
[   10.884341] NOHZ: local_softirq_pending 08
[   11.052148] NOHZ: local_softirq_pending 08
[   11.396251] NOHZ: local_softirq_pending 08
[   11.595943] IPv6: ADDRCONF(NETDEV_CHANGE): wlan0: link becomes ready
[   11.666786] NOHZ: local_softirq_pending 08
[   12.365639] NOHZ: local_softirq_pending 08
[   13.865119] NOHZ: local_softirq_pending 08
[   14.999844] NOHZ: local_softirq_pending 08
[   15.379577] NOHZ: local_softirq_pending 08
[  374.011709] [Debug Sri] In gasket_open function 
[  374.016592] [Debug Sri] Attempting to open with tgid 4626 (classify_image) (f_mode: 0037, fmode_write: 2 is_root: 0)
[  374.027444] [Debug Sri] Current owner open count (owning tgid 0): 0.
[  374.034103] [Debug Sri] In gasket_check_and_invoke_callback_nolock function 
[  374.041328] [Debug Sri] In apex_device_open_cb function 
[  374.046872] [Debug Sri] In gasket_reset_nolock function 
[  374.052353] [Debug Sri] In apex_reset function 
[  374.057114] [Debug Sri] In is_gcb_in_reset function 
[  374.062252] [Debug Sri] In apex_quit_reset function 
[  374.067459] [Debug Sri] In gasket_wait_with_reschedule function 
[  374.073642] [Debug Sri] In gasket_wait_with_reschedule function 
[  374.079889] [Debug Sri] Allow HW clock gating 0xe8050804 -> 0xe8050804
[  374.086585] [Debug Sri] In gasket_page_table_reset function 
[  374.092537] [Debug Sri] In gasket_page_table_unmap_all_nolock function 
[  374.099376] [Debug Sri] In gasket_page_table_detach_dmabuf_nolock function 
[  374.106561] [Debug Sri] In gasket_components_to_dev_address function 
[  374.113168] [Debug Sri] In gasket_unmap_simple_pages function 
[  374.119172] [Debug Sri] In gasket_simple_page_idx function 
[  374.124913] [Debug Sri] In gasket_perform_unmapping function 
[  374.132546] [Debug Sri] In gasket_components_to_dev_address function 
[  374.139068] [Debug Sri] In gasket_unmap_extended_pages function 
[  374.145200] [Debug Sri] In gasket_extended_lvl1_page_idx function 
[  374.151682] [Debug Sri] In gasket_extended_lvl0_page_idx function 
[  374.158140] [Debug Sri] In gasket_interrupt_reinit function 
[  374.164134] [Debug Sri] In gasket_interrupt_msix_cleanup function 
[  374.170598] [Debug Sri] In gasket_interrupt_clear_eventfd function 
[  374.177197] [Debug Sri] In gasket_interrupt_clear_eventfd function 
[  374.183623] [Debug Sri] In gasket_interrupt_clear_eventfd function 
[  374.190204] [Debug Sri] In gasket_interrupt_clear_eventfd function 
[  374.196626] [Debug Sri] In gasket_interrupt_clear_eventfd function 
[  374.203408] [Debug Sri] In gasket_interrupt_clear_eventfd function 
[  374.209803] [Debug Sri] In gasket_interrupt_clear_eventfd function 
[  374.216261] [Debug Sri] In gasket_interrupt_clear_eventfd function 
[  374.222654] [Debug Sri] In gasket_interrupt_clear_eventfd function 
[  374.229105] [Debug Sri] In gasket_interrupt_clear_eventfd function 
[  374.236036] [Debug Sri] In gasket_interrupt_clear_eventfd function 
[  374.242492] [Debug Sri] In gasket_interrupt_clear_eventfd function 
[  374.249031] [Debug Sri] In gasket_interrupt_clear_eventfd function 
[  374.255507] [Debug Sri] In gasket_interrupt_msix_init function 
[  374.261855] [Debug Sri] In force_msix_interrupt_unmasking function 
[  374.268291] [Debug Sri] In gasket_interrupt_setup function 
[  374.273983] [Debug Sri] Running interrupt setup
[  374.278634] [Debug Sri] Setting up interrupt index 0 with index 0x46018 and packing 4
[  374.286647] [Debug Sri] Setting up interrupt index 1 with index 0x46020 and packing 4
[  374.294596] [Debug Sri] Setting up interrupt index 2 with index 0x46028 and packing 4
[  374.302545] [Debug Sri] Setting up interrupt index 3 with index 0x46030 and packing 4
[  374.310555] [Debug Sri] Setting up interrupt index 4 with index 0x46038 and packing 0
[  374.318505] [Debug Sri] Setting up interrupt index 5 with index 0x46038 and packing 1
[  374.326513] [Debug Sri] Setting up interrupt index 6 with index 0x46038 and packing 2
[  374.334779] [Debug Sri] Setting up interrupt index 7 with index 0x46038 and packing 3
[  374.343120] [Debug Sri] Setting up interrupt index 8 with index 0x46040 and packing 0
[  374.351232] [Debug Sri] Setting up interrupt index 9 with index 0x46040 and packing 1
[  374.359486] [Debug Sri] Setting up interrupt index 10 with index 0x46040 and packing 2
[  374.367597] [Debug Sri] Setting up interrupt index 11 with index 0x46040 and packing 3
[  374.375851] [Debug Sri] Setting up interrupt index 12 with index 0x46048 and packing 4
[  374.384035] [Debug Sri] In gasket_get_hw_status function 
[  374.389818] [Debug Sri] In gasket_check_and_invoke_callback_nolock function 
[  374.396988] [Debug Sri] In apex_get_status function 
[  374.402136] [Debug Sri] In gasket_interrupt_system_status function 
[  374.408524] [Debug Sri] In gasket_page_table_system_status function 
[  374.415059] [Debug Sri] In gasket_page_table_num_entries function 
[  374.421364] [Debug Sri] Device owner is now tgid 4626
[  374.426596] [Debug Sri] New open count (owning tgid 4626): 1
[  374.432402] [Debug Sri] In gasket_mmap function 
[  374.437201] [Debug Sri] In gasket_get_bar_index function 
[  374.442719] [Debug Sri] In gasket_is_coherent_region function 
[  374.448670] [Debug Sri] In gasket_mmap_has_permissions function 
[  374.454796] [Debug Sri] In gasket_owned_by_current_tgid function 
[  374.461007] [Debug Sri] In gasket_mmap_has_permissions function 
[  374.467185] [Debug Sri] In gasket_owned_by_current_tgid function 
[  374.473399] [Debug Sri] In do_map_region function 
[  374.478362] [Debug Sri] In gasket_mm_vma_bar_offset function 
[  374.484225] [Debug Sri] In gasket_get_bar_index function 
[  374.489795] [Debug Sri] In gasket_mm_get_mapping_addrs function 
[  374.495918] [Debug Sri] In gasket_get_bar_index function 
[  374.501489] [Debug Sri] In do_map_region function 
[  374.506461] [Debug Sri] In gasket_mm_vma_bar_offset function 
[  374.512326] [Debug Sri] In gasket_get_bar_index function 
[  374.517906] [Debug Sri] In gasket_mm_get_mapping_addrs function 
[  374.524050] [Debug Sri] In do_map_region function 
[  374.529022] [Debug Sri] In gasket_mm_vma_bar_offset function 
[  374.534887] [Debug Sri] In gasket_get_bar_index function 
[  374.540404] [Debug Sri] In gasket_mm_get_mapping_addrs function 
[  374.546604] [Debug Sri] In gasket_mmap function 
[  374.551342] [Debug Sri] In gasket_get_bar_index function 
[  374.556911] [Debug Sri] In gasket_is_coherent_region function 
[  374.562870] [Debug Sri] In gasket_mmap_has_permissions function 
[  374.569202] [Debug Sri] In gasket_owned_by_current_tgid function 
[  374.575588] [Debug Sri] In gasket_mmap_has_permissions function 
[  374.581913] [Debug Sri] In gasket_owned_by_current_tgid function 
[  374.588244] [Debug Sri] In do_map_region function 
[  374.593376] [Debug Sri] In gasket_mm_vma_bar_offset function 
[  374.599295] [Debug Sri] In gasket_get_bar_index function 
[  374.604917] [Debug Sri] In gasket_mm_get_mapping_addrs function 
[  374.611092] [Debug Sri] In do_map_region function 
[  374.616050] [Debug Sri] In gasket_mm_vma_bar_offset function 
[  374.621963] [Debug Sri] In gasket_get_bar_index function 
[  374.627527] [Debug Sri] In gasket_mm_get_mapping_addrs function 
[  374.633755] [Debug Sri] In gasket_get_bar_index function 
[  374.639389] [Debug Sri] In do_map_region function 
[  374.644402] [Debug Sri] In gasket_mm_vma_bar_offset function 
[  374.650394] [Debug Sri] In gasket_get_bar_index function 
[  374.655930] [Debug Sri] In gasket_mm_get_mapping_addrs function 
[  374.662369] [Debug Sri] In gasket_mmap function 
[  374.667154] [Debug Sri] In gasket_get_bar_index function 
[  374.672984] [Debug Sri] In gasket_is_coherent_region function 
[  374.679185] [Debug Sri] In gasket_mmap_has_permissions function 
[  374.685391] [Debug Sri] In gasket_owned_by_current_tgid function 
[  374.691908] [Debug Sri] In gasket_mmap_has_permissions function 
[  374.698038] [Debug Sri] In gasket_owned_by_current_tgid function 
[  374.704306] [Debug Sri] In do_map_region function 
[  374.709216] [Debug Sri] In gasket_mm_vma_bar_offset function 
[  374.715080] [Debug Sri] In gasket_get_bar_index function 
[  374.720596] [Debug Sri] In gasket_mm_get_mapping_addrs function 
[  374.726721] [Debug Sri] In do_map_region function 
[  374.731787] [Debug Sri] In gasket_mm_vma_bar_offset function 
[  374.737874] [Debug Sri] In gasket_get_bar_index function 
[  374.743614] [Debug Sri] In gasket_mm_get_mapping_addrs function 
[  374.750036] [Debug Sri] In do_map_region function 
[  374.755328] [Debug Sri] In gasket_mm_vma_bar_offset function 
[  374.761383] [Debug Sri] In gasket_get_bar_index function 
[  374.767149] [Debug Sri] In gasket_mm_get_mapping_addrs function 
[  374.773552] [Debug Sri] In gasket_get_bar_index function 
[  374.779282] [Debug Sri] In gasket_open function 
[  374.784190] [Debug Sri] Attempting to open with tgid 4626 (classify_image) (f_mode: 0037, fmode_write: 2 is_root: 0)
[  374.794989] [Debug Sri] Current owner open count (owning tgid 4626): 1.
[  374.801777] [Debug Sri] New open count (owning tgid 4626): 2
[  374.807804] [Debug Sri] In gasket_ioctl function 
[  374.812802] [Debug Sri] In gasket_is_supported_ioctl function 
[  374.818874] [Debug Sri] In apex_ioctl function 
[  374.823830] [Debug Sri] In apex_ioctl_check_permissions function 
[  374.830167] [Debug Sri] In apex_clock_gating function 
[  374.835561] [Debug Sri] In gasket_ioctl function 
[  374.840439] [Debug Sri] In gasket_is_supported_ioctl function 
[  374.846440] [Debug Sri] In apex_ioctl function 
[  374.851239] [Debug Sri] In apex_ioctl_check_permissions function 
[  374.857501] [Debug Sri] In apex_set_performance_expectation function 
[  374.864154] [Debug Sri] In gasket_open function 
[  374.868944] [Debug Sri] Attempting to open with tgid 4626 (classify_image) (f_mode: 0037, fmode_write: 2 is_root: 0)
[  374.879699] [Debug Sri] Current owner open count (owning tgid 4626): 2.
[  374.886483] [Debug Sri] New open count (owning tgid 4626): 3
[  374.892317] [Debug Sri] In gasket_ioctl function 
[  374.897192] [Debug Sri] In gasket_is_supported_ioctl function 
[  374.903259] [Debug Sri] In gasket_handle_ioctl function 
[  374.908740] [Debug Sri] In gasket_get_ioctl_permissions_cb function 
[  374.915343] [Debug Sri] In gasket_ioctl_check_permissions function 
[  374.921779] [Debug Sri] In gasket_partition_page_table function 
[  374.928014] [Debug Sri] In gasket_page_table_max_size function 
[  374.934102] [Debug Sri] In gasket_page_table_partition function 
[  374.940339] [Debug Sri] In gasket_page_table_garbage_collect_nolock function 
[  374.947680] [Debug Sri] Partitioned page table with 6144 simple entries
[  374.954516] [Debug Sri] Partitioned page table with 2048 extended entries
[  374.961533] [Debug Sri] Partitioned page table with 8192 total entries
[  374.968276] [Debug Sri] Partitioned page table with start 6144
[  374.974322] [Debug Sri] In gasket_open function 
[  374.979096] [Debug Sri] Attempting to open with tgid 4626 (classify_image) (f_mode: 0037, fmode_write: 2 is_root: 0)
[  374.989772] [Debug Sri] Current owner open count (owning tgid 4626): 3.
[  374.996600] [Debug Sri] New open count (owning tgid 4626): 4
[  375.002475] [Debug Sri] In gasket_open function 
[  375.007293] [Debug Sri] Attempting to open with tgid 4626 (classify_image) (f_mode: 0037, fmode_write: 2 is_root: 0)
[  375.018032] [Debug Sri] Current owner open count (owning tgid 4626): 4.
[  375.024862] [Debug Sri] New open count (owning tgid 4626): 5
[  375.030690] [Debug Sri] In gasket_ioctl function 
[  375.035763] [Debug Sri] In gasket_is_supported_ioctl function 
[  375.041755] [Debug Sri] In gasket_handle_ioctl function 
[  375.047376] [Debug Sri] In gasket_get_ioctl_permissions_cb function 
[  375.053958] [Debug Sri] In gasket_ioctl_check_permissions function 
[  375.060513] [Debug Sri] In gasket_config_coherent_allocator function 
[  375.067179] [Debug Sri] In gasket_alloc_coherent_memory function 
[  375.073506] [Debug Sri] In gasket_get_driver_desc function 
[  375.079255] [Debug Sri] In gasket_get_device function 
[  375.086424] [Debug Sri] In gasket_mmap function 
[  375.091251] [Debug Sri] In gasket_get_bar_index function 
[  375.096876] [Debug Sri] In gasket_is_coherent_region function 
[  375.102876] [Debug Sri] In gasket_mmap_coherent function 
[  375.108443] [Debug Sri] In gasket_mmap_has_permissions function 
[  375.114619] [Debug Sri] In gasket_owned_by_current_tgid function 
[  375.120882] [Debug Sri] In gasket_set_user_virt function 
[  375.126522] [Debug Sri] In gasket_ioctl function 
[  375.131466] [Debug Sri] In gasket_is_supported_ioctl function 
[  375.137469] [Debug Sri] In gasket_handle_ioctl function 
[  375.143010] [Debug Sri] In gasket_get_ioctl_permissions_cb function 
[  375.149531] [Debug Sri] In gasket_ioctl_check_permissions function 
[  375.156029] [Debug Sri] In gasket_map_buffers_flags function 
[  375.161957] [Debug Sri] In gasket_map_buffers_common function 
[  375.168108] [Debug Sri] In gasket_page_table_is_dev_addr_bad function 
[  375.174806] [Debug Sri] In gasket_addr_is_simple function 
[  375.180746] [Debug Sri] In gasket_is_simple_dev_addr_bad function 
[  375.187317] [Debug Sri] In gasket_components_to_dev_address function 
[  375.194105] [Debug Sri] In gasket_page_table_map function 
[  375.199898] [Debug Sri] In gasket_addr_is_simple function 
[  375.205770] [Debug Sri] gasket_page_table_map mapping simple pages dev addr 1000000
[  375.213768] [Debug Sri] In gasket_map_simple_pages function 
[  375.219921] [Debug Sri] In gasket_simple_page_idx function 
[  375.225864] [Debug Sri] In gasket_alloc_simple_entries function 
[  375.232233] [Debug Sri] In gasket_simple_page_idx function 
[  375.238182] [Debug Sri] In gasket_is_pte_range_free function 
[  375.244193] [Debug Sri] gasket_map_simple_pages -> gasket_perform_mapping: pg_tbl->base_slot ffff000010750000, slot_idx 4096
[  375.255588] [Debug Sri] In gasket_perform_mapping function 
[  375.262155] [Debug Sri] slots ffff000010758000
[  375.266894] [Debug Sri] gasket_perform_mapping i 0
[  375.272048] [Debug Sri] In is_coherent function 
[  375.276843] [Debug Sri] &slots[0] addr ffff000010758000
[  375.282307] [Debug Sri] slots[0] = 0 mapped to dma_addr 6c1d4001
[  375.288487] [Debug Sri] gasket_page_table_map done: ha ffffbf6f5000 daddr 1000000 num 1, flags 0 ret 0
[  375.298103] [Debug Sri] In gasket_ioctl function 
[  375.302976] [Debug Sri] In gasket_is_supported_ioctl function 
[  375.309041] [Debug Sri] In gasket_handle_ioctl function 
[  375.314522] [Debug Sri] In gasket_get_ioctl_permissions_cb function 
[  375.321105] [Debug Sri] In gasket_ioctl_check_permissions function 
[  375.327539] [Debug Sri] In gasket_map_buffers_flags function 
[  375.333457] [Debug Sri] In gasket_map_buffers_common function 
[  375.339458] [Debug Sri] In gasket_page_table_is_dev_addr_bad function 
[  375.346157] [Debug Sri] In gasket_addr_is_simple function 
[  375.351808] [Debug Sri] In gasket_is_simple_dev_addr_bad function 
[  375.358273] [Debug Sri] In gasket_components_to_dev_address function 
[  375.364881] [Debug Sri] In gasket_page_table_map function 
[  375.370648] [Debug Sri] In gasket_addr_is_simple function 
[  375.376301] [Debug Sri] gasket_page_table_map mapping simple pages dev addr 1001000
[  375.384179] [Debug Sri] In gasket_map_simple_pages function 
[  375.390008] [Debug Sri] In gasket_simple_page_idx function 
[  375.395803] [Debug Sri] In gasket_alloc_simple_entries function 
[  375.401977] [Debug Sri] In gasket_simple_page_idx function 
[  375.407780] [Debug Sri] In gasket_is_pte_range_free function 
[  375.413696] [Debug Sri] gasket_map_simple_pages -> gasket_perform_mapping: pg_tbl->base_slot ffff000010750000, slot_idx 4097
[  375.425142] [Debug Sri] In gasket_perform_mapping function 
[  375.430882] [Debug Sri] slots ffff000010758008
[  375.435496] [Debug Sri] gasket_perform_mapping i 0
[  375.440455] [Debug Sri] In is_coherent function 
[  375.445302] [Debug Sri] &slots[0] addr ffff000010758008
[  375.450700] [Debug Sri] slots[0] = 0 mapped to dma_addr 6c1d5001
[  375.456937] [Debug Sri] gasket_page_table_map done: ha ffffbf6f6000 daddr 1001000 num 1, flags 0 ret 0
[  375.466518] [Debug Sri] In gasket_ioctl function 
[  375.471395] [Debug Sri] In gasket_is_supported_ioctl function 
[  375.477459] [Debug Sri] In gasket_handle_ioctl function 
[  375.482939] [Debug Sri] In gasket_get_ioctl_permissions_cb function 
[  375.489522] [Debug Sri] In gasket_ioctl_check_permissions function 
[  375.495957] [Debug Sri] In gasket_set_event_fd function 
[  375.501498] [Debug Sri] In gasket_interrupt_set_eventfd function 
[  375.509165] [Debug Sri] In gasket_ioctl function 
[  375.514788] [Debug Sri] In gasket_is_supported_ioctl function 
[  375.521731] [Debug Sri] In gasket_handle_ioctl function 
[  375.527496] [Debug Sri] In gasket_get_ioctl_permissions_cb function 
[  375.534025] [Debug Sri] In gasket_ioctl_check_permissions function 
[  375.540529] [Debug Sri] In gasket_set_event_fd function 
[  375.546010] [Debug Sri] In gasket_interrupt_set_eventfd function 
[  375.553263] [Debug Sri] In gasket_ioctl function 
[  375.558090] [Debug Sri] In gasket_is_supported_ioctl function 
[  375.564120] [Debug Sri] In gasket_handle_ioctl function 
[  375.569626] [Debug Sri] In gasket_get_ioctl_permissions_cb function 
[  375.576154] [Debug Sri] In gasket_ioctl_check_permissions function 
[  375.582589] [Debug Sri] In gasket_set_event_fd function 
[  375.588127] [Debug Sri] In gasket_interrupt_set_eventfd function 
[  375.595832] [Debug Sri] In gasket_ioctl function 
[  375.600565] [Debug Sri] In gasket_is_supported_ioctl function 
[  375.606589] [Debug Sri] In gasket_handle_ioctl function 
[  375.612075] [Debug Sri] In gasket_get_ioctl_permissions_cb function 
[  375.618600] [Debug Sri] In gasket_ioctl_check_permissions function 
[  375.625035] [Debug Sri] In gasket_set_event_fd function 
[  375.630521] [Debug Sri] In gasket_interrupt_set_eventfd function 
[  375.638223] [Debug Sri] In gasket_ioctl function 
[  375.643150] [Debug Sri] In gasket_is_supported_ioctl function 
[  375.649171] [Debug Sri] In gasket_handle_ioctl function 
[  375.654657] [Debug Sri] In gasket_get_ioctl_permissions_cb function 
[  375.661194] [Debug Sri] In gasket_ioctl_check_permissions function 
[  375.667658] [Debug Sri] In gasket_set_event_fd function 
[  375.673200] [Debug Sri] In gasket_interrupt_set_eventfd function 
[  375.680881] [Debug Sri] In gasket_ioctl function 
[  375.685841] [Debug Sri] In gasket_is_supported_ioctl function 
[  375.691825] [Debug Sri] In gasket_handle_ioctl function 
[  375.697316] [Debug Sri] In gasket_get_ioctl_permissions_cb function 
[  375.703799] [Debug Sri] In gasket_ioctl_check_permissions function 
[  375.710261] [Debug Sri] In gasket_set_event_fd function 
[  375.715762] [Debug Sri] In gasket_interrupt_set_eventfd function 
[  375.723112] [Debug Sri] In gasket_ioctl function 
[  375.728011] [Debug Sri] In gasket_is_supported_ioctl function 
[  375.734093] [Debug Sri] In gasket_handle_ioctl function 
[  375.739574] [Debug Sri] In gasket_get_ioctl_permissions_cb function 
[  375.746149] [Debug Sri] In gasket_ioctl_check_permissions function 
[  375.752586] [Debug Sri] In gasket_set_event_fd function 
[  375.758058] [Debug Sri] In gasket_interrupt_set_eventfd function 
[  375.766789] [Debug Sri] In gasket_ioctl function 
[  375.771710] [Debug Sri] In gasket_is_supported_ioctl function 
[  375.777967] [Debug Sri] In gasket_handle_ioctl function 
[  375.783664] [Debug Sri] In gasket_get_ioctl_permissions_cb function 
[  375.790305] [Debug Sri] In gasket_ioctl_check_permissions function 
[  375.796952] [Debug Sri] In gasket_set_event_fd function 
[  375.802354] [Debug Sri] In gasket_interrupt_set_eventfd function 
[  375.809856] [Debug Sri] In gasket_ioctl function 
[  375.814669] [Debug Sri] In gasket_is_supported_ioctl function 
[  375.820695] [Debug Sri] In gasket_handle_ioctl function 
[  375.826194] [Debug Sri] In gasket_get_ioctl_permissions_cb function 
[  375.832721] [Debug Sri] In gasket_ioctl_check_permissions function 
[  375.839157] [Debug Sri] In gasket_set_event_fd function 
[  375.844644] [Debug Sri] In gasket_interrupt_set_eventfd function 
[  375.852449] [Debug Sri] In gasket_ioctl function 
[  375.857313] [Debug Sri] In gasket_is_supported_ioctl function 
[  375.863341] [Debug Sri] In gasket_handle_ioctl function 
[  375.868940] [Debug Sri] In gasket_get_ioctl_permissions_cb function 
[  375.875465] [Debug Sri] In gasket_ioctl_check_permissions function 
[  375.881954] [Debug Sri] In gasket_set_event_fd function 
[  375.887433] [Debug Sri] In gasket_interrupt_set_eventfd function 
[  375.899352] [Debug Sri] In gasket_ioctl function 
[  375.904207] [Debug Sri] In gasket_is_supported_ioctl function 
[  375.910233] [Debug Sri] In apex_ioctl function 
[  375.915018] [Debug Sri] In apex_ioctl_check_permissions function 
[  375.921338] [Debug Sri] In apex_clock_gating function 
[  375.958961] [Debug Sri] In gasket_ioctl function 
[  375.963794] [Debug Sri] In gasket_is_supported_ioctl function 
[  375.969960] [Debug Sri] In gasket_handle_ioctl function 
[  375.975539] [Debug Sri] In gasket_get_ioctl_permissions_cb function 
[  375.982103] [Debug Sri] In gasket_ioctl_check_permissions function 
[  375.988562] [Debug Sri] In gasket_map_buffers_flags function 
[  375.994498] [Debug Sri] In gasket_map_buffers_common function 
[  376.000527] [Debug Sri] In gasket_page_table_is_dev_addr_bad function 
[  376.007133] [Debug Sri] In gasket_addr_is_simple function 
[  376.012789] [Debug Sri] In gasket_is_extended_dev_addr_bad function 
[  376.019316] [Debug Sri] In gasket_extended_lvl0_page_idx function 
[  376.025731] [Debug Sri] In gasket_components_to_dev_address function 
[  376.032343] [Debug Sri] In gasket_page_table_map function 
[  376.038058] [Debug Sri] In gasket_addr_is_simple function 
[  376.043619] [Debug Sri] gasket_page_table_map mapping extended pages dev addr 8000000000000000
[  376.052374] [Debug Sri] In gasket_map_extended_pages function 
[  376.058366] [Debug Sri] gasket_map_extended_pages -> host_addr ffffb9109000 dev_addr 8000000000000000 num_pages 1090 flags 2
[  376.069840] [Debug Sri] allocating extended entries start 
[  376.075559] [Debug Sri] In gasket_alloc_extended_entries function 
[  376.081971] [Debug Sri] In gasket_extended_lvl1_page_idx function 
[  376.088378] [Debug Sri] In gasket_extended_lvl0_page_idx function 
[  376.094787] [Debug Sri] In gasket_extended_lvl0_page_idx function 
[  376.101244] [Debug Sri] gasket_alloc_extended_entries -> pte ffff000012c73000 slot ffff00001075c000 subtable_slot_idx 0 remain 1090
[  376.113296] [Debug Sri] gasket_alloc_extended_entries -> len 512
[  376.119528] [Debug Sri] gasket_alloc_extended_entries -> pte ffff000012c73000 slot ffff00001075c000 subtable_slot_idx 0
[  376.130483] [Debug Sri] gasket_alloc_extended_entries -> pte is free allocating subtable
[  376.138797] [Debug Sri] In gasket_alloc_extended_subtable function 
[  376.145844] [Debug Sri] gasket_alloc_extended_subtable -> pte ffff000012c73000 pte->page ffff7e0000748080 pte->sublevel ffff000014532000
[  376.158346] [Debug Sri] gasket_alloc_extended_subtable -> page_addr ffff80001d202000 subtable_bytes 4000
[  376.167997] [Debug Sri] gasket_alloc_extended_subtable page_to_phys(pte->page) 000000005d202000
[  376.177047] [Debug Sri] gasket_alloc_extended_subtable -> pte->dma_addr 5d202000
[  376.184768] [Debug Sri] extended subtable gasket_alloc_extended_subtable -> slot ffff00001075c000 dma_addr 5d202001
[  376.195477] [Debug Sri] gasket_alloc_extended_entries -> len 512
[  376.201557] [Debug Sri] gasket_alloc_extended_entries -> pte ffff000012c73020 slot ffff00001075c008 subtable_slot_idx 0
[  376.212564] [Debug Sri] gasket_alloc_extended_entries -> pte is free allocating subtable
[  376.220805] [Debug Sri] In gasket_alloc_extended_subtable function 
[  376.227288] [Debug Sri] gasket_alloc_extended_subtable -> pte ffff000012c73020 pte->page ffff7e0000a5ccc0 pte->sublevel ffff00001457d000
[  376.239723] [Debug Sri] gasket_alloc_extended_subtable -> page_addr ffff800029733000 subtable_bytes 4000
[  376.249499] [Debug Sri] gasket_alloc_extended_subtable page_to_phys(pte->page) 0000000069733000
[  376.258368] [Debug Sri] gasket_alloc_extended_subtable -> pte->dma_addr 69733000
[  376.265990] [Debug Sri] extended subtable gasket_alloc_extended_subtable -> slot ffff00001075c008 dma_addr 69733001
[  376.276596] [Debug Sri] gasket_alloc_extended_entries -> len 66
[  376.282802] [Debug Sri] gasket_alloc_extended_entries -> pte ffff000012c73040 slot ffff00001075c010 subtable_slot_idx 0
[  376.293830] [Debug Sri] gasket_alloc_extended_entries -> pte is free allocating subtable
[  376.302147] [Debug Sri] In gasket_alloc_extended_subtable function 
[  376.308601] [Debug Sri] gasket_alloc_extended_subtable -> pte ffff000012c73040 pte->page ffff7e000075b180 pte->sublevel ffff000014582000
[  376.321050] [Debug Sri] gasket_alloc_extended_subtable -> page_addr ffff80001d6c6000 subtable_bytes 4000
[  376.330782] [Debug Sri] gasket_alloc_extended_subtable page_to_phys(pte->page) 000000005d6c6000
[  376.339707] [Debug Sri] gasket_alloc_extended_subtable -> pte->dma_addr 5d6c6000
[  376.347277] [Debug Sri] extended subtable gasket_alloc_extended_subtable -> slot ffff00001075c010 dma_addr 5d6c6001
[  376.357933] [Debug Sri] allocating extended entries end
[  376.363280] [Debug Sri] In gasket_extended_lvl1_page_idx function 
[  376.369630] [Debug Sri] In gasket_extended_lvl0_page_idx function 
[  376.376053] [Debug Sri] gasket_map_extended_pages -> slot_idx 0 pte ffff000012c73000
[  376.383967] [Debug Sri] gasket_map_extended_pages -> slot_base ffff80001d202000 len 512
[  376.392259] [Debug Sri] In gasket_perform_mapping function 
[  376.398001] [Debug Sri] slots ffff80001d202000
[  376.402675] [Debug Sri] gasket_perform_mapping i 0
[  376.407636] [Debug Sri] In is_coherent function 
[  376.412482] [Debug Sri] gasket_perform_mapping i 0 pte ffff000014532000 pfn 0000000000058e0a -> mapped 58e0a000
[  376.422798] [Debug Sri] &slots[0] addr ffff80001d202000
[  376.428247] [Debug Sri] slots[0] = 0 mapped to dma_addr 58e0a001
[  376.434484] [Debug Sri] gasket_perform_mapping i 1
[  376.439444] [Debug Sri] In is_coherent function 
[  376.444232] [Debug Sri] gasket_perform_mapping i 1 pte ffff000014532020 pfn 0000000000063b04 -> mapped 63b04000
[  376.454591] [Debug Sri] &slots[1] addr ffff80001d202008
[  376.459983] [Debug Sri] slots[1] = 0 mapped to dma_addr 63b04001
[  376.466274] [Debug Sri] gasket_perform_mapping i 2
[  376.471287] [Debug Sri] In is_coherent function 
[  376.476190] [Debug Sri] gasket_perform_mapping i 2 pte ffff000014532040 pfn 000000000004ef49 -> mapped 4ef49000
[  376.486504] [Debug Sri] &slots[2] addr ffff80001d202010
[  376.491951] [Debug Sri] slots[2] = 0 mapped to dma_addr 4ef49001
[  376.498186] [Debug Sri] gasket_perform_mapping i 3
[  376.503149] [Debug Sri] In is_coherent function 
[  376.507936] [Debug Sri] gasket_perform_mapping i 3 pte ffff000014532060 pfn 00000000000491fa -> mapped 491fa000
[  376.518252] [Debug Sri] &slots[3] addr ffff80001d202018
[  376.523645] [Debug Sri] slots[3] = 0 mapped to dma_addr 491fa001
[  376.529885] [Debug Sri] gasket_perform_mapping i 4
[  376.534843] [Debug Sri] In is_coherent function 
[  376.539686] [Debug Sri] gasket_perform_mapping i 4 pte ffff000014532080 pfn 0000000000042996 -> mapped 42996000
[  376.549939] [Debug Sri] &slots[4] addr ffff80001d202020
[  376.555397] [Debug Sri] slots[4] = 0 mapped to dma_addr 42996001
[  376.561585] [Debug Sri] gasket_perform_mapping i 5
[  376.566666] [Debug Sri] In is_coherent function 
[  376.571456] [Debug Sri] gasket_perform_mapping i 5 pte ffff0000145320a0 pfn 00000000000626c0 -> mapped 626c0000
[  376.581789] [Debug Sri] &slots[5] addr ffff80001d202028
[  376.587188] [Debug Sri] slots[5] = 0 mapped to dma_addr 626c0001
[  376.593414] [Debug Sri] gasket_perform_mapping i 6
[  376.598373] [Debug Sri] In is_coherent function 
[  376.603186] [Debug Sri] gasket_perform_mapping i 6 pte ffff0000145320c0 pfn 000000000004c6f4 -> mapped 4c6f4000
[  376.613505] [Debug Sri] &slots[6] addr ffff80001d202030
[  376.618899] [Debug Sri] slots[6] = 0 mapped to dma_addr 4c6f4001
[  376.625191] [Debug Sri] gasket_perform_mapping i 7
[  376.630149] [Debug Sri] In is_coherent function 
[  376.634999] [Debug Sri] gasket_perform_mapping i 7 pte ffff0000145320e0 pfn 000000000004d47d -> mapped 4d47d000
[  376.645314] [Debug Sri] &slots[7] addr ffff80001d202038
[  376.650761] [Debug Sri] slots[7] = 0 mapped to dma_addr 4d47d001
[  376.656934] [Debug Sri] gasket_perform_mapping i 8
[  376.661945] [Debug Sri] In is_coherent function 
[  376.666794] [Debug Sri] gasket_perform_mapping i 8 pte ffff000014532100 pfn 000000000004cad7 -> mapped 4cad7000
[  376.677065] [Debug Sri] &slots[8] addr ffff80001d202040
[  376.682433] [Debug Sri] slots[8] = 0 mapped to dma_addr 4cad7001
[  376.688528] [Debug Sri] gasket_perform_mapping i 9
[  376.693513] [Debug Sri] In is_coherent function 
[  376.698308] [Debug Sri] gasket_perform_mapping i 9 pte ffff000014532120 pfn 0000000000042a80 -> mapped 42a80000
[  376.708579] [Debug Sri] &slots[9] addr ffff80001d202048
[  376.713977] [Debug Sri] slots[9] = 0 mapped to dma_addr 42a80001
[  376.720218] [Debug Sri] gasket_perform_mapping i 10
[  376.725270] [Debug Sri] In is_coherent function 
[  376.730129] [Debug Sri] gasket_perform_mapping i 10 pte ffff000014532140 pfn 000000000005673a -> mapped 5673a000
[  376.740532] [Debug Sri] &slots[10] addr ffff80001d202050
[  376.746065] [Debug Sri] slots[10] = 0 mapped to dma_addr 5673a001
[  376.752250] [Debug Sri] gasket_perform_mapping i 11
[  376.757262] [Debug Sri] In is_coherent function 
[  376.762136] [Debug Sri] gasket_perform_mapping i 11 pte ffff000014532160 pfn 000000000005b8f8 -> mapped 5b8f8000
[  376.772566] [Debug Sri] &slots[11] addr ffff80001d202058
[  376.778066] [Debug Sri] slots[11] = 0 mapped to dma_addr 5b8f8001
[  376.784454] [Debug Sri] gasket_perform_mapping i 12
[  376.789501] [Debug Sri] In is_coherent function 
[  376.794354] [Debug Sri] gasket_perform_mapping i 12 pte ffff000014532180 pfn 000000000005b7cb -> mapped 5b7cb000
[  376.804766] [Debug Sri] &slots[12] addr ffff80001d202060
[  376.810302] [Debug Sri] slots[12] = 0 mapped to dma_addr 5b7cb001
[  376.816564] [Debug Sri] gasket_perform_mapping i 13
[  376.821609] [Debug Sri] In is_coherent function 
[  376.826461] [Debug Sri] gasket_perform_mapping i 13 pte ffff0000145321a0 pfn 0000000000062e4e -> mapped 62e4e000
[  376.836886] [Debug Sri] &slots[13] addr ffff80001d202068
[  376.842421] [Debug Sri] slots[13] = 0 mapped to dma_addr 62e4e001
[  376.848683] [Debug Sri] gasket_perform_mapping i 14
[  376.853780] [Debug Sri] In is_coherent function 
[  376.858629] [Debug Sri] gasket_perform_mapping i 14 pte ffff0000145321c0 pfn 000000000004dd98 -> mapped 4dd98000
[  376.869036] [Debug Sri] &slots[14] addr ffff80001d202070
[  376.874517] [Debug Sri] slots[14] = 0 mapped to dma_addr 4dd98001
[  376.880839] [Debug Sri] gasket_perform_mapping i 15
[  376.885885] [Debug Sri] In is_coherent function 
[  376.890739] [Debug Sri] gasket_perform_mapping i 15 pte ffff0000145321e0 pfn 0000000000042a51 -> mapped 42a51000
[  376.901143] [Debug Sri] &slots[15] addr ffff80001d202078
[  376.906623] [Debug Sri] slots[15] = 0 mapped to dma_addr 42a51001
[  376.912945] [Debug Sri] gasket_perform_mapping i 16
[  376.917990] [Debug Sri] In is_coherent function 
[  376.922838] [Debug Sri] gasket_perform_mapping i 16 pte ffff000014532200 pfn 000000000004ce76 -> mapped 4ce76000
[  376.933240] [Debug Sri] &slots[16] addr ffff80001d202080
[  376.938720] [Debug Sri] slots[16] = 0 mapped to dma_addr 4ce76001
[  376.944981] [Debug Sri] gasket_perform_mapping i 17
[  376.950026] [Debug Sri] In is_coherent function 
[  376.954874] [Debug Sri] gasket_perform_mapping i 17 pte ffff000014532220 pfn 0000000000043eaa -> mapped 43eaa000
[  376.965330] [Debug Sri] &slots[17] addr ffff80001d202088
[  376.970811] [Debug Sri] slots[17] = 0 mapped to dma_addr 43eaa001
[  376.977071] [Debug Sri] gasket_perform_mapping i 18
[  376.982116] [Debug Sri] In is_coherent function 
[  376.986965] [Debug Sri] gasket_perform_mapping i 18 pte ffff000014532240 pfn 0000000000056b27 -> mapped 56b27000
[  376.997425] [Debug Sri] &slots[18] addr ffff80001d202090
[  377.002910] [Debug Sri] slots[18] = 0 mapped to dma_addr 56b27001
[  377.009235] [Debug Sri] gasket_perform_mapping i 19
[  377.014280] [Debug Sri] In is_coherent function 
[  377.019214] [Debug Sri] gasket_perform_mapping i 19 pte ffff000014532260 pfn 000000000004ec3d -> mapped 4ec3d000
[  377.029459] [Debug Sri] &slots[19] addr ffff80001d202098
[  377.034994] [Debug Sri] slots[19] = 0 mapped to dma_addr 4ec3d001
[  377.041316] [Debug Sri] gasket_perform_mapping i 20
[  377.046417] [Debug Sri] In is_coherent function 
[  377.051270] [Debug Sri] gasket_perform_mapping i 20 pte ffff000014532280 pfn 00000000000550d8 -> mapped 550d8000
[  377.061676] [Debug Sri] &slots[20] addr ffff80001d2020a0
[  377.067162] [Debug Sri] slots[20] = 0 mapped to dma_addr 550d8001
[  377.073485] [Debug Sri] gasket_perform_mapping i 21
[  377.078531] [Debug Sri] In is_coherent function 
[  377.083381] [Debug Sri] gasket_perform_mapping i 21 pte ffff0000145322a0 pfn 0000000000055475 -> mapped 55475000
[  377.093859] [Debug Sri] &slots[21] addr ffff80001d2020a8
[  377.099341] [Debug Sri] slots[21] = 0 mapped to dma_addr 55475001
[  377.105555] [Debug Sri] gasket_perform_mapping i 22
[  377.110604] [Debug Sri] In is_coherent function 
[  377.115394] [Debug Sri] gasket_perform_mapping i 22 pte ffff0000145322c0 pfn 0000000000060bb4 -> mapped 60bb4000
[  377.125803] [Debug Sri] &slots[22] addr ffff80001d2020b0
[  377.131291] [Debug Sri] slots[22] = 0 mapped to dma_addr 60bb4001
[  377.137621] [Debug Sri] gasket_perform_mapping i 23
[  377.142667] [Debug Sri] In is_coherent function 
[  377.147524] [Debug Sri] gasket_perform_mapping i 23 pte ffff0000145322e0 pfn 000000000004697d -> mapped 4697d000
[  377.157832] [Debug Sri] &slots[23] addr ffff80001d2020b8
[  377.163388] [Debug Sri] slots[23] = 0 mapped to dma_addr 4697d001
[  377.169727] [Debug Sri] gasket_perform_mapping i 24
[  377.174712] [Debug Sri] In is_coherent function 
[  377.179579] [Debug Sri] gasket_perform_mapping i 24 pte ffff000014532300 pfn 000000000006abb4 -> mapped 6abb4000
[  377.190055] [Debug Sri] &slots[24] addr ffff80001d2020c0
[  377.195521] [Debug Sri] slots[24] = 0 mapped to dma_addr 6abb4001
[  377.201901] [Debug Sri] gasket_perform_mapping i 25
[  377.206957] [Debug Sri] In is_coherent function 
[  377.211876] [Debug Sri] gasket_perform_mapping i 25 pte ffff000014532320 pfn 000000000006a1d9 -> mapped 6a1d9000
[  377.222340] [Debug Sri] &slots[25] addr ffff80001d2020c8
[  377.227893] [Debug Sri] slots[25] = 0 mapped to dma_addr 6a1d9001
[  377.234172] [Debug Sri] gasket_perform_mapping i 26
[  377.239226] [Debug Sri] In is_coherent function 
[  377.244093] [Debug Sri] gasket_perform_mapping i 26 pte ffff000014532340 pfn 0000000000043d34 -> mapped 43d34000
[  377.254578] [Debug Sri] &slots[26] addr ffff80001d2020d0
[  377.260036] [Debug Sri] slots[26] = 0 mapped to dma_addr 43d34001
[  377.266342] [Debug Sri] gasket_perform_mapping i 27
[  377.271345] [Debug Sri] In is_coherent function 
[  377.276144] [Debug Sri] gasket_perform_mapping i 27 pte ffff000014532360 pfn 000000000006a384 -> mapped 6a384000
[  377.286559] [Debug Sri] &slots[27] addr ffff80001d2020d8
[  377.292102] [Debug Sri] slots[27] = 0 mapped to dma_addr 6a384001
[  377.298428] [Debug Sri] gasket_perform_mapping i 28
[  377.303534] [Debug Sri] In is_coherent function 
[  377.308387] [Debug Sri] gasket_perform_mapping i 28 pte ffff000014532380 pfn 00000000000511a4 -> mapped 511a4000
[  377.318791] [Debug Sri] &slots[28] addr ffff80001d2020e0
[  377.324273] [Debug Sri] slots[28] = 0 mapped to dma_addr 511a4001
[  377.330595] [Debug Sri] gasket_perform_mapping i 29
[  377.335641] [Debug Sri] In is_coherent function 
[  377.340492] [Debug Sri] gasket_perform_mapping i 29 pte ffff0000145323a0 pfn 000000000005467c -> mapped 5467c000
[  377.350960] [Debug Sri] &slots[29] addr ffff80001d2020e8
[  377.356443] [Debug Sri] slots[29] = 0 mapped to dma_addr 5467c001
[  377.362766] [Debug Sri] gasket_perform_mapping i 30
[  377.367812] [Debug Sri] In is_coherent function 
[  377.372662] [Debug Sri] gasket_perform_mapping i 30 pte ffff0000145323c0 pfn 000000000004ac90 -> mapped 4ac90000
[  377.383065] [Debug Sri] &slots[30] addr ffff80001d2020f0
[  377.388546] [Debug Sri] slots[30] = 0 mapped to dma_addr 4ac90001
[  377.394922] [Debug Sri] gasket_perform_mapping i 31
[  377.399971] [Debug Sri] In is_coherent function 
[  377.404879] [Debug Sri] gasket_perform_mapping i 31 pte ffff0000145323e0 pfn 000000000004fac0 -> mapped 4fac0000
[  377.415318] [Debug Sri] &slots[31] addr ffff80001d2020f8
[  377.420895] [Debug Sri] slots[31] = 0 mapped to dma_addr 4fac0001
[  377.427225] [Debug Sri] gasket_perform_mapping i 32
[  377.432276] [Debug Sri] In is_coherent function 
[  377.437126] [Debug Sri] gasket_perform_mapping i 32 pte ffff000014532400 pfn 00000000000549b3 -> mapped 549b3000
[  377.447530] [Debug Sri] &slots[32] addr ffff80001d202100
[  377.453012] [Debug Sri] slots[32] = 0 mapped to dma_addr 549b3001
[  377.459392] [Debug Sri] gasket_perform_mapping i 33
[  377.464438] [Debug Sri] In is_coherent function 
[  377.469288] [Debug Sri] gasket_perform_mapping i 33 pte ffff000014532420 pfn 0000000000050dd7 -> mapped 50dd7000
[  377.479630] [Debug Sri] &slots[33] addr ffff80001d202108
[  377.485114] [Debug Sri] slots[33] = 0 mapped to dma_addr 50dd7001
[  377.491373] [Debug Sri] gasket_perform_mapping i 34
[  377.496474] [Debug Sri] In is_coherent function 
[  377.501329] [Debug Sri] gasket_perform_mapping i 34 pte ffff000014532440 pfn 0000000000054b7e -> mapped 54b7e000
[  377.511736] [Debug Sri] &slots[34] addr ffff80001d202110
[  377.517217] [Debug Sri] slots[34] = 0 mapped to dma_addr 54b7e001
[  377.523540] [Debug Sri] gasket_perform_mapping i 35
[  377.528586] [Debug Sri] In is_coherent function 
[  377.533435] [Debug Sri] gasket_perform_mapping i 35 pte ffff000014532460 pfn 00000000000566d3 -> mapped 566d3000
[  377.543837] [Debug Sri] &slots[35] addr ffff80001d202118
[  377.549371] [Debug Sri] slots[35] = 0 mapped to dma_addr 566d3001
[  377.555693] [Debug Sri] gasket_perform_mapping i 36
[  377.560800] [Debug Sri] In is_coherent function 
[  377.565659] [Debug Sri] gasket_perform_mapping i 36 pte ffff000014532480 pfn 000000000004f02c -> mapped 4f02c000
[  377.576119] [Debug Sri] &slots[36] addr ffff80001d202120
[  377.581601] [Debug Sri] slots[36] = 0 mapped to dma_addr 4f02c001
[  377.587977] [Debug Sri] gasket_perform_mapping i 37
[  377.593023] [Debug Sri] In is_coherent function 
[  377.597874] [Debug Sri] gasket_perform_mapping i 37 pte ffff0000145324a0 pfn 000000000004c223 -> mapped 4c223000
[  377.608300] [Debug Sri] &slots[37] addr ffff80001d202128
[  377.613837] [Debug Sri] slots[37] = 0 mapped to dma_addr 4c223001
[  377.620099] [Debug Sri] gasket_perform_mapping i 38
[  377.625197] [Debug Sri] In is_coherent function 
[  377.630048] [Debug Sri] gasket_perform_mapping i 38 pte ffff0000145324c0 pfn 000000000006bf2d -> mapped 6bf2d000
[  377.640451] [Debug Sri] &slots[38] addr ffff80001d202130
[  377.645932] [Debug Sri] slots[38] = 0 mapped to dma_addr 6bf2d001
[  377.652254] [Debug Sri] gasket_perform_mapping i 39
[  377.657300] [Debug Sri] In is_coherent function 
[  377.662149] [Debug Sri] gasket_perform_mapping i 39 pte ffff0000145324e0 pfn 0000000000046ae0 -> mapped 46ae0000
[  377.672551] [Debug Sri] &slots[39] addr ffff80001d202138
[  377.678086] [Debug Sri] slots[39] = 0 mapped to dma_addr 46ae0001
[  377.684346] [Debug Sri] gasket_perform_mapping i 40
[  377.689458] [Debug Sri] In is_coherent function 
[  377.694323] [Debug Sri] gasket_perform_mapping i 40 pte ffff000014532500 pfn 0000000000057be6 -> mapped 57be6000
[  377.704729] [Debug Sri] &slots[40] addr ffff80001d202140
[  377.710209] [Debug Sri] slots[40] = 0 mapped to dma_addr 57be6001
[  377.716532] [Debug Sri] gasket_perform_mapping i 41
[  377.721577] [Debug Sri] In is_coherent function 
[  377.726427] [Debug Sri] gasket_perform_mapping i 41 pte ffff000014532520 pfn 0000000000059d20 -> mapped 59d20000
[  377.736830] [Debug Sri] &slots[41] addr ffff80001d202148
[  377.742363] [Debug Sri] slots[41] = 0 mapped to dma_addr 59d20001
[  377.748624] [Debug Sri] gasket_perform_mapping i 42
[  377.753721] [Debug Sri] In is_coherent function 
[  377.758571] [Debug Sri] gasket_perform_mapping i 42 pte ffff000014532540 pfn 00000000000584cf -> mapped 584cf000
[  377.768974] [Debug Sri] &slots[42] addr ffff80001d202150
[  377.774455] [Debug Sri] slots[42] = 0 mapped to dma_addr 584cf001
[  377.780777] [Debug Sri] gasket_perform_mapping i 43
[  377.785823] [Debug Sri] In is_coherent function 
[  377.790672] [Debug Sri] gasket_perform_mapping i 43 pte ffff000014532560 pfn 000000000004bb1e -> mapped 4bb1e000
[  377.801077] [Debug Sri] &slots[43] addr ffff80001d202158
[  377.806612] [Debug Sri] slots[43] = 0 mapped to dma_addr 4bb1e001
[  377.812874] [Debug Sri] gasket_perform_mapping i 44
[  377.817971] [Debug Sri] In is_coherent function 
[  377.822820] [Debug Sri] gasket_perform_mapping i 44 pte ffff000014532580 pfn 000000000004aea1 -> mapped 4aea1000
[  377.833277] [Debug Sri] &slots[44] addr ffff80001d202160
[  377.838759] [Debug Sri] slots[44] = 0 mapped to dma_addr 4aea1001
[  377.845085] [Debug Sri] gasket_perform_mapping i 45
[  377.850131] [Debug Sri] In is_coherent function 
[  377.854982] [Debug Sri] gasket_perform_mapping i 45 pte ffff0000145325a0 pfn 0000000000063c00 -> mapped 63c00000
[  377.865407] [Debug Sri] &slots[45] addr ffff80001d202168
[  377.870889] [Debug Sri] slots[45] = 0 mapped to dma_addr 63c00001
[  377.877149] [Debug Sri] gasket_perform_mapping i 46
[  377.882249] [Debug Sri] In is_coherent function 
[  377.887098] [Debug Sri] gasket_perform_mapping i 46 pte ffff0000145325c0 pfn 000000000004a229 -> mapped 4a229000
[  377.897352] [Debug Sri] &slots[46] addr ffff80001d202170
[  377.902837] [Debug Sri] slots[46] = 0 mapped to dma_addr 4a229001
[  377.909161] [Debug Sri] gasket_perform_mapping i 47
[  377.914218] [Debug Sri] In is_coherent function 
[  377.919068] [Debug Sri] gasket_perform_mapping i 47 pte ffff0000145325e0 pfn 0000000000057bd1 -> mapped 57bd1000
[  377.929471] [Debug Sri] &slots[47] addr ffff80001d202178
[  377.934952] [Debug Sri] slots[47] = 0 mapped to dma_addr 57bd1001
[  377.941328] [Debug Sri] gasket_perform_mapping i 48
[  377.946375] [Debug Sri] In is_coherent function 
[  377.951234] [Debug Sri] gasket_perform_mapping i 48 pte ffff000014532600 pfn 0000000000057bd2 -> mapped 57bd2000
[  377.961550] [Debug Sri] &slots[48] addr ffff80001d202180
[  377.966977] [Debug Sri] slots[48] = 0 mapped to dma_addr 57bd2001
[  377.973229] [Debug Sri] gasket_perform_mapping i 49
[  377.978312] [Debug Sri] In is_coherent function 
[  377.983201] [Debug Sri] gasket_perform_mapping i 49 pte ffff000014532620 pfn 00000000000495ce -> mapped 495ce000
[  377.993539] [Debug Sri] &slots[49] addr ffff80001d202188
[  377.999016] [Debug Sri] slots[49] = 0 mapped to dma_addr 495ce001
[  378.005306] [Debug Sri] gasket_perform_mapping i 50
[  378.010359] [Debug Sri] In is_coherent function 
[  378.015123] [Debug Sri] gasket_perform_mapping i 50 pte ffff000014532640 pfn 000000000004041a -> mapped 4041a000
[  378.025551] [Debug Sri] &slots[50] addr ffff80001d202190
[  378.031042] [Debug Sri] slots[50] = 0 mapped to dma_addr 4041a001
[  378.037374] [Debug Sri] gasket_perform_mapping i 51
[  378.042425] [Debug Sri] In is_coherent function 
[  378.047287] [Debug Sri] gasket_perform_mapping i 51 pte ffff000014532660 pfn 0000000000058ffd -> mapped 58ffd000
[  378.057593] [Debug Sri] &slots[51] addr ffff80001d202198
[  378.063092] [Debug Sri] slots[51] = 0 mapped to dma_addr 58ffd001
[  378.069372] [Debug Sri] gasket_perform_mapping i 52
[  378.074418] [Debug Sri] In is_coherent function 
[  378.079278] [Debug Sri] gasket_perform_mapping i 52 pte ffff000014532680 pfn 000000000004e28e -> mapped 4e28e000
[  378.089686] [Debug Sri] &slots[52] addr ffff80001d2021a0
[  378.095224] [Debug Sri] slots[52] = 0 mapped to dma_addr 4e28e001
[  378.101553] [Debug Sri] gasket_perform_mapping i 53
[  378.106599] [Debug Sri] In is_coherent function 
[  378.111504] [Debug Sri] gasket_perform_mapping i 53 pte ffff0000145326a0 pfn 0000000000058cf9 -> mapped 58cf9000
[  378.121929] [Debug Sri] &slots[53] addr ffff80001d2021a8
[  378.127468] [Debug Sri] slots[53] = 0 mapped to dma_addr 58cf9001
[  378.133795] [Debug Sri] gasket_perform_mapping i 54
[  378.138855] [Debug Sri] In is_coherent function 
[  378.143706] [Debug Sri] gasket_perform_mapping i 54 pte ffff0000145326c0 pfn 00000000000460f5 -> mapped 460f5000
[  378.154165] [Debug Sri] &slots[54] addr ffff80001d2021b0
[  378.159645] [Debug Sri] slots[54] = 0 mapped to dma_addr 460f5001
[  378.166021] [Debug Sri] gasket_perform_mapping i 55
[  378.171067] [Debug Sri] In is_coherent function 
[  378.175918] [Debug Sri] gasket_perform_mapping i 55 pte ffff0000145326e0 pfn 000000000006a698 -> mapped 6a698000
[  378.186325] [Debug Sri] &slots[55] addr ffff80001d2021b8
[  378.191862] [Debug Sri] slots[55] = 0 mapped to dma_addr 6a698001
[  378.198030] [Debug Sri] gasket_perform_mapping i 56
[  378.203120] [Debug Sri] In is_coherent function 
[  378.207980] [Debug Sri] gasket_perform_mapping i 56 pte ffff000014532700 pfn 0000000000063b99 -> mapped 63b99000
[  378.218466] [Debug Sri] &slots[56] addr ffff80001d2021c0
[  378.223950] [Debug Sri] slots[56] = 0 mapped to dma_addr 63b99001
[  378.230332] [Debug Sri] gasket_perform_mapping i 57
[  378.235377] [Debug Sri] In is_coherent function 
[  378.240282] [Debug Sri] gasket_perform_mapping i 57 pte ffff000014532720 pfn 0000000000042c5e -> mapped 42c5e000
[  378.250686] [Debug Sri] &slots[57] addr ffff80001d2021c8
[  378.256170] [Debug Sri] slots[57] = 0 mapped to dma_addr 42c5e001
[  378.262497] [Debug Sri] gasket_perform_mapping i 58
[  378.267517] [Debug Sri] In is_coherent function 
[  378.272367] [Debug Sri] gasket_perform_mapping i 58 pte ffff000014532740 pfn 000000000004a224 -> mapped 4a224000
[  378.282716] [Debug Sri] &slots[58] addr ffff80001d2021d0
[  378.288177] [Debug Sri] slots[58] = 0 mapped to dma_addr 4a224001
[  378.294426] [Debug Sri] gasket_perform_mapping i 59
[  378.299485] [Debug Sri] In is_coherent function 
[  378.304407] [Debug Sri] gasket_perform_mapping i 59 pte ffff000014532760 pfn 000000000004f4b7 -> mapped 4f4b7000
[  378.314845] [Debug Sri] &slots[59] addr ffff80001d2021d8
[  378.320384] [Debug Sri] slots[59] = 0 mapped to dma_addr 4f4b7001
[  378.326720] [Debug Sri] gasket_perform_mapping i 60
[  378.331874] [Debug Sri] In is_coherent function 
[  378.336733] [Debug Sri] gasket_perform_mapping i 60 pte ffff000014532780 pfn 000000000004eb9d -> mapped 4eb9d000
[  378.347143] [Debug Sri] &slots[60] addr ffff80001d2021e0
[  378.352645] [Debug Sri] slots[60] = 0 mapped to dma_addr 4eb9d001
[  378.358982] [Debug Sri] gasket_perform_mapping i 61
[  378.364035] [Debug Sri] In is_coherent function 
[  378.368941] [Debug Sri] gasket_perform_mapping i 61 pte ffff0000145327a0 pfn 00000000000430bc -> mapped 430bc000
[  378.379367] [Debug Sri] &slots[61] addr ffff80001d2021e8
[  378.384902] [Debug Sri] slots[61] = 0 mapped to dma_addr 430bc001
[  378.391236] [Debug Sri] gasket_perform_mapping i 62
[  378.396335] [Debug Sri] In is_coherent function 
[  378.401187] [Debug Sri] gasket_perform_mapping i 62 pte ffff0000145327c0 pfn 0000000000040424 -> mapped 40424000
[  378.411624] [Debug Sri] &slots[62] addr ffff80001d2021f0
[  378.417142] [Debug Sri] slots[62] = 0 mapped to dma_addr 40424001
[  378.423468] [Debug Sri] gasket_perform_mapping i 63
[  378.428514] [Debug Sri] In is_coherent function 
[  378.433364] [Debug Sri] gasket_perform_mapping i 63 pte ffff0000145327e0 pfn 000000000006bdf0 -> mapped 6bdf0000
[  378.443768] [Debug Sri] &slots[63] addr ffff80001d2021f8
[  378.449302] [Debug Sri] slots[63] = 0 mapped to dma_addr 6bdf0001
[  378.455623] [Debug Sri] gasket_perform_mapping i 64
[  378.460669] [Debug Sri] In is_coherent function 
[  378.465519] [Debug Sri] gasket_perform_mapping i 64 pte ffff000014532800 pfn 000000000004303f -> mapped 4303f000
[  378.475922] [Debug Sri] &slots[64] addr ffff80001d202200
[  378.481403] [Debug Sri] slots[64] = 0 mapped to dma_addr 4303f001
[  378.487726] [Debug Sri] gasket_perform_mapping i 65
[  378.492772] [Debug Sri] In is_coherent function 
[  378.497621] [Debug Sri] gasket_perform_mapping i 65 pte ffff000014532820 pfn 000000000006be02 -> mapped 6be02000
[  378.508024] [Debug Sri] &slots[65] addr ffff80001d202208
[  378.513557] [Debug Sri] slots[65] = 0 mapped to dma_addr 6be02001
[  378.519879] [Debug Sri] gasket_perform_mapping i 66
[  378.524978] [Debug Sri] In is_coherent function 
[  378.529827] [Debug Sri] gasket_perform_mapping i 66 pte ffff000014532840 pfn 0000000000046fcd -> mapped 46fcd000
[  378.540229] [Debug Sri] &slots[66] addr ffff80001d202210
[  378.545710] [Debug Sri] slots[66] = 0 mapped to dma_addr 46fcd001
[  378.552032] [Debug Sri] gasket_perform_mapping i 67
[  378.557031] [Debug Sri] In is_coherent function 
[  378.561953] [Debug Sri] gasket_perform_mapping i 67 pte ffff000014532860 pfn 0000000000049462 -> mapped 49462000
[  378.572359] [Debug Sri] &slots[67] addr ffff80001d202218
[  378.577894] [Debug Sri] slots[67] = 0 mapped to dma_addr 49462001
[  378.584155] [Debug Sri] gasket_perform_mapping i 68
[  378.589252] [Debug Sri] In is_coherent function 
[  378.594103] [Debug Sri] gasket_perform_mapping i 68 pte ffff000014532880 pfn 000000000004caeb -> mapped 4caeb000
[  378.604509] [Debug Sri] &slots[68] addr ffff80001d202220
[  378.609989] [Debug Sri] slots[68] = 0 mapped to dma_addr 4caeb001
[  378.616313] [Debug Sri] gasket_perform_mapping i 69
[  378.621358] [Debug Sri] In is_coherent function 
[  378.626207] [Debug Sri] gasket_perform_mapping i 69 pte ffff0000145328a0 pfn 0000000000063b3d -> mapped 63b3d000
[  378.636631] [Debug Sri] &slots[69] addr ffff80001d202228
[  378.642168] [Debug Sri] slots[69] = 0 mapped to dma_addr 63b3d001
[  378.648538] [Debug Sri] gasket_perform_mapping i 70
[  378.653589] [Debug Sri] In is_coherent function 
[  378.658440] [Debug Sri] gasket_perform_mapping i 70 pte ffff0000145328c0 pfn 0000000000042a55 -> mapped 42a55000
[  378.668843] [Debug Sri] &slots[70] addr ffff80001d202230
[  378.674324] [Debug Sri] slots[70] = 0 mapped to dma_addr 42a55001
[  378.680646] [Debug Sri] gasket_perform_mapping i 71
[  378.685692] [Debug Sri] In is_coherent function 
[  378.690540] [Debug Sri] gasket_perform_mapping i 71 pte ffff0000145328e0 pfn 0000000000060bcd -> mapped 60bcd000
[  378.700944] [Debug Sri] &slots[71] addr ffff80001d202238
[  378.706481] [Debug Sri] slots[71] = 0 mapped to dma_addr 60bcd001
[  378.712746] [Debug Sri] gasket_perform_mapping i 72
[  378.717855] [Debug Sri] In is_coherent function 
[  378.722606] [Debug Sri] gasket_perform_mapping i 72 pte ffff000014532900 pfn 00000000000503dd -> mapped 503dd000
[  378.732994] [Debug Sri] &slots[72] addr ffff80001d202240
[  378.738497] [Debug Sri] slots[72] = 0 mapped to dma_addr 503dd001
[  378.744729] [Debug Sri] gasket_perform_mapping i 73
[  378.749808] [Debug Sri] In is_coherent function 
[  378.754681] [Debug Sri] gasket_perform_mapping i 73 pte ffff000014532920 pfn 000000000004bc62 -> mapped 4bc62000
[  378.765103] [Debug Sri] &slots[73] addr ffff80001d202248
[  378.770553] [Debug Sri] slots[73] = 0 mapped to dma_addr 4bc62001
[  378.776823] [Debug Sri] gasket_perform_mapping i 74
[  378.781925] [Debug Sri] In is_coherent function 
[  378.786785] [Debug Sri] gasket_perform_mapping i 74 pte ffff000014532940 pfn 0000000000060b97 -> mapped 60b97000
[  378.797246] [Debug Sri] &slots[74] addr ffff80001d202250
[  378.802735] [Debug Sri] slots[74] = 0 mapped to dma_addr 60b97001
[  378.809057] [Debug Sri] gasket_perform_mapping i 75
[  378.814116] [Debug Sri] In is_coherent function 
[  378.818981] [Debug Sri] gasket_perform_mapping i 75 pte ffff000014532960 pfn 000000000004d23a -> mapped 4d23a000
[  378.829387] [Debug Sri] &slots[75] addr ffff80001d202258
[  378.834921] [Debug Sri] slots[75] = 0 mapped to dma_addr 4d23a001
[  378.841243] [Debug Sri] gasket_perform_mapping i 76
[  378.846293] [Debug Sri] In is_coherent function 
[  378.851151] [Debug Sri] gasket_perform_mapping i 76 pte ffff000014532980 pfn 0000000000062f8a -> mapped 62f8a000
[  378.861557] [Debug Sri] &slots[76] addr ffff80001d202260
[  378.867063] [Debug Sri] slots[76] = 0 mapped to dma_addr 62f8a001
[  378.873344] [Debug Sri] gasket_perform_mapping i 77
[  378.878397] [Debug Sri] In is_coherent function 
[  378.883256] [Debug Sri] gasket_perform_mapping i 77 pte ffff0000145329a0 pfn 000000000006be54 -> mapped 6be54000
[  378.893683] [Debug Sri] &slots[77] addr ffff80001d202268
[  378.899170] [Debug Sri] slots[77] = 0 mapped to dma_addr 6be54001
[  378.905548] [Debug Sri] gasket_perform_mapping i 78
[  378.910593] [Debug Sri] In is_coherent function 
[  378.915500] [Debug Sri] gasket_perform_mapping i 78 pte ffff0000145329c0 pfn 0000000000049266 -> mapped 49266000
[  378.925903] [Debug Sri] &slots[78] addr ffff80001d202270
[  378.931388] [Debug Sri] slots[78] = 0 mapped to dma_addr 49266001
[  378.937715] [Debug Sri] gasket_perform_mapping i 79
[  378.942762] [Debug Sri] In is_coherent function 
[  378.947610] [Debug Sri] gasket_perform_mapping i 79 pte ffff0000145329e0 pfn 000000000004bc03 -> mapped 4bc03000
[  378.958065] [Debug Sri] &slots[79] addr ffff80001d202278
[  378.963546] [Debug Sri] slots[79] = 0 mapped to dma_addr 4bc03001
[  378.969921] [Debug Sri] gasket_perform_mapping i 80
[  378.974966] [Debug Sri] In is_coherent function 
[  378.979868] [Debug Sri] gasket_perform_mapping i 80 pte ffff000014532a00 pfn 000000000004aa9c -> mapped 4aa9c000
[  378.990271] [Debug Sri] &slots[80] addr ffff80001d202280
[  378.995805] [Debug Sri] slots[80] = 0 mapped to dma_addr 4aa9c001
[  379.002025] [Debug Sri] gasket_perform_mapping i 81
[  379.007079] [Debug Sri] In is_coherent function 
[  379.011933] [Debug Sri] gasket_perform_mapping i 81 pte ffff000014532a20 pfn 000000000005119d -> mapped 5119d000
[  379.022336] [Debug Sri] &slots[81] addr ffff80001d202288
[  379.027816] [Debug Sri] slots[81] = 0 mapped to dma_addr 5119d001
[  379.034194] [Debug Sri] gasket_perform_mapping i 82
[  379.039242] [Debug Sri] In is_coherent function 
[  379.044144] [Debug Sri] gasket_perform_mapping i 82 pte ffff000014532a40 pfn 0000000000058d35 -> mapped 58d35000
[  379.054546] [Debug Sri] &slots[82] addr ffff80001d202290
[  379.060070] [Debug Sri] slots[82] = 0 mapped to dma_addr 58d35001
[  379.066393] [Debug Sri] gasket_perform_mapping i 83
[  379.071439] [Debug Sri] In is_coherent function 
[  379.076288] [Debug Sri] gasket_perform_mapping i 83 pte ffff000014532a60 pfn 0000000000059ec2 -> mapped 59ec2000
[  379.086747] [Debug Sri] &slots[83] addr ffff80001d202298
[  379.092227] [Debug Sri] slots[83] = 0 mapped to dma_addr 59ec2001
[  379.098603] [Debug Sri] gasket_perform_mapping i 84
[  379.103649] [Debug Sri] In is_coherent function 
[  379.108498] [Debug Sri] gasket_perform_mapping i 84 pte ffff000014532a80 pfn 000000000004face -> mapped 4face000
[  379.118900] [Debug Sri] &slots[84] addr ffff80001d2022a0
[  379.124380] [Debug Sri] slots[84] = 0 mapped to dma_addr 4face001
[  379.130761] [Debug Sri] gasket_perform_mapping i 85
[  379.135808] [Debug Sri] In is_coherent function 
[  379.140712] [Debug Sri] gasket_perform_mapping i 85 pte ffff000014532aa0 pfn 000000000004a987 -> mapped 4a987000
[  379.151140] [Debug Sri] &slots[85] addr ffff80001d2022a8
[  379.156678] [Debug Sri] slots[85] = 0 mapped to dma_addr 4a987001
[  379.163004] [Debug Sri] gasket_perform_mapping i 86
[  379.168103] [Debug Sri] In is_coherent function 
[  379.172955] [Debug Sri] gasket_perform_mapping i 86 pte ffff000014532ac0 pfn 0000000000048c36 -> mapped 48c36000
[  379.183357] [Debug Sri] &slots[86] addr ffff80001d2022b0
[  379.188838] [Debug Sri] slots[86] = 0 mapped to dma_addr 48c36001
[  379.195120] [Debug Sri] gasket_perform_mapping i 87
[  379.200179] [Debug Sri] In is_coherent function 
[  379.205034] [Debug Sri] gasket_perform_mapping i 87 pte ffff000014532ae0 pfn 0000000000049575 -> mapped 49575000
[  379.215439] [Debug Sri] &slots[87] addr ffff80001d2022b8
[  379.220972] [Debug Sri] slots[87] = 0 mapped to dma_addr 49575001
[  379.227294] [Debug Sri] gasket_perform_mapping i 88
[  379.232368] [Debug Sri] In is_coherent function 
[  379.237233] [Debug Sri] gasket_perform_mapping i 88 pte ffff000014532b00 pfn 00000000000493b2 -> mapped 493b2000
[  379.247580] [Debug Sri] &slots[88] addr ffff80001d2022c0
